Microchip MPLAB XC8 Compiler V1.33 ()

Linker command line:

--edf=C:\Program Files\Microchip\xc8\v1.33\dat\en_msgs.txt -cs \
  -h+dist/default/debug\motore.debug.sym \
  --cmf=dist/default/debug\motore.debug.cmf -z -Q18F4480 \
  -oC:\Users\SIMONE~1.RIG\AppData\Local\Temp\s5os.6 \
  -Mdist/default/debug/motore.debug.map -E1 -ver=XC8 -ASTACK=0C6h-02ffh \
  -pstack=STACK -ACODE=00h-03FFFh -ACONST=00h-03FFFh \
  -ASMALLCONST=0300h-03FFhx61 -AMEDIUMCONST=0300h-03FFFh -ACOMRAM=01h-05Fh \
  -AABS1=00h-02FFh -ABIGRAM=01h-02FFh -ARAM=060h-0FFh,0100h-01FFhx2 \
  -ABANK0=060h-0FFh -ABANK1=0100h-01FFh -ABANK2=0200h-02FFh \
  -ASFR=0D00h-0DFFhx2,0F00h-0F5Fh,0F60h-0FFFh \
  -preset_vec=00h,intcode=08h,intcodelo=018h,powerup,init,end_init \
  -pramtop=0300h -psmallconst=SMALLCONST -pmediumconst=MEDIUMCONST \
  -pconst=CONST -AFARRAM=00h-00h -ACONFIG=0300000h-030000Dh -pconfig=CONFIG \
  -AIDLOC=0200000h-0200007h -pidloc=IDLOC -AEEDATA=0F00000h-0F000FFh \
  -peeprom_data=EEDATA \
  -prdata=COMRAM,nvrram=COMRAM,nvbit=COMRAM,rbss=COMRAM,rbit=COMRAM \
  -pfarbss=FARRAM,fardata=FARRAM,nvFARRAM=FARRAM \
  -pintsave_regs=BIGRAM,bigbss=BIGRAM,bigdata=BIGRAM -pbss=RAM \
  -pidata=CODE,irdata=CODE,ibigdata=CODE,ifardata=CODE \
  C:\Users\SIMONE~1.RIG\AppData\Local\Temp\s5os.obj \
  dist/default/debug\motore.debug.obj 

Object code version is 3.11

Machine type is 18F4480

Call graph: (short form)




                Name                               Link     Load   Length Selector   Space Scale
C:\Users\SIMONE~1.RIG\AppData\Local\Temp\s5os.obj
                end_init                            18C      18C        4        C       0
                reset_vec                             0        0        4        0       0
                config                           300000   300000        E   300000       0
dist/default/debug\motore.debug.obj
                intcodelo                            18       18      174        C       0
                intcode                               8        8       10        4       0
                intcode_body                       294C     294C       68        C       0
                text22                             2B9C     2B9C       16        C       0
                text21                             1B3A     1B3A      4D4        C       0
                text19                             2BD0     2BD0        C        C       0
                text18                             2BC4     2BC4        C        C       0
                text17                             2BB2     2BB2       12        C       0
                text16                             2B64     2B64       22        C       0
                text15                             2A06     2A06       48        C       0
                text14                             29B4     29B4       52        C       0
                text13                             2A4E     2A4E       40        C       0
                text12                             2B40     2B40       24        C       0
                text11                              DBA      DBA      876        C       0
                text10                             2726     2726       E2        C       0
                text9                              2B0A     2B0A       36        C       0
                text8                              2808     2808       AA        C       0
                text7                              2B86     2B86       16        C       0
                text6                               190      190      C2A        C       0
                text5                              200E     200E      402        C       0
                text4                              2410     2410      1FC        C       0
                text3                              28B2     28B2       9A        C       0
                text2                              2ACC     2ACC       3E        C       0
                text1                              260C     260C      11A        C       0
                text0                              1630     1630      50A        C       0
                cstackCOMRAM                         2A       2A       1D        1       1
                cstackBANK0                          93       93       31       60       1
                dataBANK0                            C4       C4        2       60       1
                bssBANK0                             60       60       33       60       1
                bssCOMRAM                             1        1       29        1       1
                bitbssCOMRAM                        238       47        9        1       1     8
                cinit                              2A8E     2A8E       3E        C       0
                idataBANK0                         2BDC     2BDC        2        C       0

TOTAL           Name                               Link     Load   Length     Space
        CLASS   STACK          

        CLASS   CODE           
                end_init                            18C      18C        4         0
                intcodelo                            18       18      174         0
                intcode                               8        8       10         0
                reset_vec                             0        0        4         0
                intcode_body                       294C     294C       68         0
                text22                             2B9C     2B9C       16         0
                text21                             1B3A     1B3A      4D4         0
                text19                             2BD0     2BD0        C         0
                text18                             2BC4     2BC4        C         0
                text17                             2BB2     2BB2       12         0
                text16                             2B64     2B64       22         0
                text15                             2A06     2A06       48         0
                text14                             29B4     29B4       52         0
                text13                             2A4E     2A4E       40         0
                text12                             2B40     2B40       24         0
                text11                              DBA      DBA      876         0
                text10                             2726     2726       E2         0
                text9                              2B0A     2B0A       36         0
                text8                              2808     2808       AA         0
                text7                              2B86     2B86       16         0
                text6                               190      190      C2A         0
                text5                              200E     200E      402         0
                text4                              2410     2410      1FC         0
                text3                              28B2     28B2       9A         0
                text2                              2ACC     2ACC       3E         0
                text1                              260C     260C      11A         0
                text0                              1630     1630      50A         0
                cinit                              2A8E     2A8E       3E         0
                idataBANK0                         2BDC     2BDC        2         0

        CLASS   CONST          

        CLASS   SMALLCONST     

        CLASS   MEDIUMCONST    

        CLASS   COMRAM         
                cstackCOMRAM                         2A       2A       1D         1
                bssCOMRAM                             1        1       29         1
                bitbssCOMRAM                        238       47        9         1

        CLASS   ABS1           

        CLASS   BIGRAM         

        CLASS   RAM            

        CLASS   BANK0          
                cstackBANK0                          93       93       31         1
                dataBANK0                            C4       C4        2         1
                bssBANK0                             60       60       33         1

        CLASS   BANK1          

        CLASS   BANK2          

        CLASS   SFR            

        CLASS   FARRAM         

        CLASS   CONFIG         
                config                           300000   300000        E         0

        CLASS   IDLOC          

        CLASS   EEDATA         



SEGMENTS        Name                           Load    Length   Top    Selector   Space  Class

                reset_vec                      000000  000004  000004         0       0  CODE    
                bssCOMRAM                      000001  000048  000049         1       1  COMRAM  
                intcode                        000008  000010  000018         4       0  CODE    
                intcodelo                      000018  002BC6  002BDE         C       0  CODE    
                bssBANK0                       000060  000066  0000C6        60       1  BANK0   
                config                         300000  00000E  30000E    300000       0  CONFIG  


UNUSED ADDRESS RANGES

        Name                Unused          Largest block    Delta
        BANK0            0000C6-0000FF               3A
        BANK1            000100-0001FF              100
        BANK2            000200-0002FF              100
        BIGRAM           000049-00005F               17
                         0000C6-0002FF              23A
        CODE             000004-000007                4
                         002BDE-003FFF             1422
        COMRAM           000049-00005F               17
        CONST            000004-000007                4
                         002BDE-003FFF             1422
        EEDATA           F00000-F000FF              100
        IDLOC            200000-200007                8
        MEDIUMCONST      002BDE-003FFF             1422
        RAM              0000C6-0002FF              100
        SFR              000D00-000FFF              100
        SMALLCONST       002BDE-003FFF              100
        STACK            0000C6-0002FF              23A

                                  Symbol Table

?___awdiv                         cstackBANK0  0000A1
?___wmul                          cstackBANK0  0000A9
?_abs                             cstackBANK0  0000A1
CANInitialize@BRP                 cstackBANK0  0000B2
CANInitialize@FilterConfig1       cstackBANK0  0000B9
CANInitialize@FilterConfig2       cstackBANK0  0000BA
CANInitialize@SJW                 cstackBANK0  0000B1
CANInitialize@flags               cstackBANK0  0000B3
CANInitialize@phaseSeg1           cstackBANK0  0000AF
CANInitialize@phaseSeg2           cstackBANK0  0000B0
CANInitialize@propSeg             cstackBANK0  0000B8
CANOperationMode@mode             cstackBANK0  0000A1
CANSetFilter@filter               cstackBANK0  0000A1
CANSetFilter@numBuffer            cstackBANK0  0000AA
CANSetFilter@tamp                 cstackBANK0  0000AB
CANSetFilter@type                 cstackBANK0  0000A5
CANSetMask@mask                   cstackBANK0  0000A1
CANSetMask@numBuffer              cstackBANK0  0000AA
CANSetMask@tamp                   cstackBANK0  0000AB
CANSetMask@type                   cstackBANK0  0000A5
CANreceiveMessage@error           cstackCOMRAM 000034
CANreceiveMessage@msg             cstackCOMRAM 00002A
CANreceiveMessage@tamp            cstackCOMRAM 000035
CANsendMessage@data               cstackBANK0  0000A5
CANsendMessage@dataLength         cstackBANK0  0000A7
CANsendMessage@flags              cstackBANK0  0000A8
CANsendMessage@identifier         cstackBANK0  0000A1
CANsendMessage@tamp               cstackBANK0  0000AD
OpenEPWM1@period                  cstackBANK0  0000A1
OpenTimer2@config                 cstackBANK0  0000A1
SetDCEPWM1@DCycle                 cstackBANK0  0000A5
SetDCEPWM1@dutycycle              cstackBANK0  0000A1
SetOutputEPWM1@outputconfig       cstackBANK0  0000A2
SetOutputEPWM1@outputmode         cstackBANK0  0000A1
_ADCON0bits                       (abs)        000FC2
_ADCON1bits                       (abs)        000FC1
_ADCON2bits                       (abs)        000FC0
_ADRESH                           (abs)        000FC4
_BRGCON1                          (abs)        000F70
_BRGCON2                          (abs)        000F71
_BRGCON2bits                      (abs)        000F71
_BRGCON3                          (abs)        000F72
_BRGCON3bits                      (abs)        000F72
_CANCON                           (abs)        000F6F
_CANCONbits                       (abs)        000F6F
_CANInitialize                    text4        002410
_CANOperationMode                 text7        002B86
_CANSTAT                          (abs)        000F6E
_CANSetFilter                     text6        000190
_CANSetMask                       text5        00200E
_CANisRXwarningON                 text19       002BD0
_CANisRxReady                     text22       002B9C
_CANisRxReady$3035                cstackCOMRAM 00002A
_CANisTXwarningON                 text18       002BC4
_CANisTxReady                     text12       002B40
_CANisTxReady$3033                cstackBANK0  0000A1
_CANreceiveMessage                text21       001B3A
_CANsendMessage                   text11       000DBA
_COMSTATbits                      (abs)        000F74
_ECCP1CON                         (abs)        000FBA
_ECCPR1L                          (abs)        000FBB
_INTCON2bits                      (abs)        000FF1
_INTCONbits                       (abs)        000FF2
_IPR2bits                         (abs)        000FA2
_IPR3bits                         (abs)        000FA5
_ISR_alta                         intcode      000008
_ISR_bassa                        intcodelo    000018
_LATA                             (abs)        000F89
_LATB                             (abs)        000F8A
_LATC                             (abs)        000F8B
_LATD                             (abs)        000F8C
_LATE                             (abs)        000F8D
_OpenEPWM1                        text17       002BB2
_OpenTimer2                       text16       002B64
_PIE1bits                         (abs)        000F9D
_PIE2bits                         (abs)        000FA0
_PIE3bits                         (abs)        000FA3
_PIR1bits                         (abs)        000F9E
_PIR2bits                         (abs)        000FA1
_PIR3bits                         (abs)        000FA4
_PORTAbits                        (abs)        000F80
_PORTCbits                        (abs)        000F82
_PORTD                            (abs)        000F83
_PR2                              (abs)        000FCB
_RCONbits                         (abs)        000FD0
_RXB0CON                          (abs)        000F60
_RXB0CONbits                      (abs)        000F60
_RXB0D0                           (abs)        000F66
_RXB0D1                           (abs)        000F67
_RXB0D2                           (abs)        000F68
_RXB0D3                           (abs)        000F69
_RXB0D4                           (abs)        000F6A
_RXB0D5                           (abs)        000F6B
_RXB0D6                           (abs)        000F6C
_RXB0D7                           (abs)        000F6D
_RXB0DLC                          (abs)        000F65
_RXB0DLCbits                      (abs)        000F65
_RXB0EIDH                         (abs)        000F63
_RXB0EIDL                         (abs)        000F64
_RXB0SIDH                         (abs)        000F61
_RXB0SIDL                         (abs)        000F62
_RXB0SIDLbits                     (abs)        000F62
_RXB1CON                          (abs)        000F50
_RXB1CONbits                      (abs)        000F50
_RXB1D0                           (abs)        000F56
_RXB1D1                           (abs)        000F57
_RXB1D2                           (abs)        000F58
_RXB1D3                           (abs)        000F59
_RXB1D4                           (abs)        000F5A
_RXB1D5                           (abs)        000F5B
_RXB1D6                           (abs)        000F5C
_RXB1D7                           (abs)        000F5D
_RXB1DLC                          (abs)        000F55
_RXB1DLCbits                      (abs)        000F55
_RXB1EIDH                         (abs)        000F53
_RXB1EIDL                         (abs)        000F54
_RXB1SIDH                         (abs)        000F51
_RXB1SIDL                         (abs)        000F52
_RXB1SIDLbits                     (abs)        000F52
_RXERRCNT                         (abs)        000F75
_RXF0EIDH                         (abs)        000F02
_RXF0EIDL                         (abs)        000F03
_RXF0SIDH                         (abs)        000F00
_RXF0SIDL                         (abs)        000F01
_RXF0SIDLbits                     (abs)        000F01
_RXF1EIDH                         (abs)        000F06
_RXF1EIDL                         (abs)        000F07
_RXF1SIDH                         (abs)        000F04
_RXF1SIDL                         (abs)        000F05
_RXF1SIDLbits                     (abs)        000F05
_RXF2EIDH                         (abs)        000F0A
_RXF2EIDL                         (abs)        000F0B
_RXF2SIDH                         (abs)        000F08
_RXF2SIDL                         (abs)        000F09
_RXF2SIDLbits                     (abs)        000F09
_RXF3EIDH                         (abs)        000F0E
_RXF3EIDL                         (abs)        000F0F
_RXF3SIDH                         (abs)        000F0C
_RXF3SIDL                         (abs)        000F0D
_RXF3SIDLbits                     (abs)        000F0D
_RXF4EIDH                         (abs)        000F12
_RXF4EIDL                         (abs)        000F13
_RXF4SIDH                         (abs)        000F10
_RXF4SIDL                         (abs)        000F11
_RXF4SIDLbits                     (abs)        000F11
_RXF5EIDH                         (abs)        000F16
_RXF5EIDL                         (abs)        000F17
_RXF5SIDH                         (abs)        000F14
_RXF5SIDL                         (abs)        000F15
_RXF5SIDLbits                     (abs)        000F15
_RXM0EIDH                         (abs)        000F1A
_RXM0EIDL                         (abs)        000F1B
_RXM0SIDH                         (abs)        000F18
_RXM0SIDL                         (abs)        000F19
_RXM0SIDLbits                     (abs)        000F19
_RXM1EIDH                         (abs)        000F1E
_RXM1EIDL                         (abs)        000F1F
_RXM1SIDH                         (abs)        000F1C
_RXM1SIDL                         (abs)        000F1D
_RXM1SIDLbits                     (abs)        000F1D
_SetDCEPWM1                       text15       002A06
_SetOutputEPWM1                   text14       0029B4
_T2CON                            (abs)        000FCA
_T2CONbits                        (abs)        000FCA
_T3CON                            (abs)        000FB1
_TMR2                             (abs)        000FCC
_TMR3H                            (abs)        000FB3
_TMR3L                            (abs)        000FB2
_TRISA                            (abs)        000F92
_TRISB                            (abs)        000F93
_TRISC                            (abs)        000F94
_TRISD                            (abs)        000F95
_TRISDbits                        (abs)        000F95
_TRISE                            (abs)        000F96
_TXB0CONbits                      (abs)        000F40
_TXB0D0                           (abs)        000F46
_TXB0D1                           (abs)        000F47
_TXB0D2                           (abs)        000F48
_TXB0D3                           (abs)        000F49
_TXB0D4                           (abs)        000F4A
_TXB0D5                           (abs)        000F4B
_TXB0D6                           (abs)        000F4C
_TXB0D7                           (abs)        000F4D
_TXB0DLC                          (abs)        000F45
_TXB0DLCbits                      (abs)        000F45
_TXB0EIDH                         (abs)        000F43
_TXB0EIDL                         (abs)        000F44
_TXB0SIDH                         (abs)        000F41
_TXB0SIDL                         (abs)        000F42
_TXB0SIDLbits                     (abs)        000F42
_TXB1CONbits                      (abs)        000F30
_TXB1D0                           (abs)        000F36
_TXB1D1                           (abs)        000F37
_TXB1D2                           (abs)        000F38
_TXB1D3                           (abs)        000F39
_TXB1D4                           (abs)        000F3A
_TXB1D5                           (abs)        000F3B
_TXB1D6                           (abs)        000F3C
_TXB1D7                           (abs)        000F3D
_TXB1DLC                          (abs)        000F35
_TXB1DLCbits                      (abs)        000F35
_TXB1EIDH                         (abs)        000F33
_TXB1EIDL                         (abs)        000F34
_TXB1SIDH                         (abs)        000F31
_TXB1SIDL                         (abs)        000F32
_TXB1SIDLbits                     (abs)        000F32
_TXB2CONbits                      (abs)        000F20
_TXB2D0                           (abs)        000F26
_TXB2D1                           (abs)        000F27
_TXB2D2                           (abs)        000F28
_TXB2D3                           (abs)        000F29
_TXB2D4                           (abs)        000F2A
_TXB2D5                           (abs)        000F2B
_TXB2D6                           (abs)        000F2C
_TXB2D7                           (abs)        000F2D
_TXB2DLC                          (abs)        000F25
_TXB2DLCbits                      (abs)        000F25
_TXB2EIDH                         (abs)        000F23
_TXB2EIDL                         (abs)        000F24
_TXB2SIDH                         (abs)        000F21
_TXB2SIDL                         (abs)        000F22
_TXB2SIDLbits                     (abs)        000F22
_TXERRCNT                         (abs)        000F76
__CFG_BBSIZ$1024                  (abs)        000000
__CFG_BOREN$BOHW                  (abs)        000000
__CFG_BORV$3                      (abs)        000000
__CFG_CP0$OFF                     (abs)        000000
__CFG_CP1$OFF                     (abs)        000000
__CFG_CPB$OFF                     (abs)        000000
__CFG_CPD$OFF                     (abs)        000000
__CFG_EBTR0$OFF                   (abs)        000000
__CFG_EBTR1$OFF                   (abs)        000000
__CFG_EBTRB$OFF                   (abs)        000000
__CFG_FCMEN$OFF                   (abs)        000000
__CFG_IESO$OFF                    (abs)        000000
__CFG_LPT1OSC$OFF                 (abs)        000000
__CFG_LVP$OFF                     (abs)        000000
__CFG_MCLRE$ON                    (abs)        000000
__CFG_OSC$HS                      (abs)        000000
__CFG_PBADEN$ON                   (abs)        000000
__CFG_PWRT$OFF                    (abs)        000000
__CFG_STVREN$ON                   (abs)        000000
__CFG_WDT$OFF                     (abs)        000000
__CFG_WDTPS$32768                 (abs)        000000
__CFG_WRT0$OFF                    (abs)        000000
__CFG_WRT1$OFF                    (abs)        000000
__CFG_WRTB$OFF                    (abs)        000000
__CFG_WRTC$OFF                    (abs)        000000
__CFG_WRTD$OFF                    (abs)        000000
__CFG_XINST$OFF                   (abs)        000000
__HRAM                            (abs)        000000
__Habs1                           abs1         000000
__Hbank0                          bank0        000000
__Hbank1                          bank1        000000
__Hbank2                          bank2        000000
__Hbigbss                         bigbss       000000
__Hbigdata                        bigdata      000000
__Hbigram                         bigram       000000
__HbitbssCOMRAM                   bitbssCOMRAM 000000
__Hbss                            bss          000000
__HbssBANK0                       bssBANK0     000000
__HbssCOMRAM                      bssCOMRAM    000000
__Hcinit                          cinit        000000
__Hclrtext                        clrtext      000000
__Hcomram                         comram       000000
__Hconfig                         config       30000E
__Hconst                          const        000000
__HcstackBANK0                    cstackBANK0  000000
__HcstackCOMRAM                   cstackCOMRAM 000000
__Hdata                           data         000000
__HdataBANK0                      dataBANK0    000000
__Heeprom_data                    eeprom_data  000000
__Hend_init                       end_init     000190
__Hfarbss                         farbss       000000
__Hfardata                        fardata      000000
__Hibigdata                       ibigdata     000000
__Hidata                          idata        000000
__HidataBANK0                     idataBANK0   000000
__Hidloc                          idloc        000000
__Hifardata                       ifardata     000000
__Hinit                           init         00018C
__Hintcode                        intcode      000018
__Hintcode_body                   intcode_body 000000
__Hintcodelo                      intcodelo    00018C
__Hintentry                       intentry     000000
__Hintret                         intret       000000
__Hintsave_regs                   intsave_regs 000000
__Hirdata                         irdata       000000
__Hmediumconst                    mediumconst  000000
__HnvFARRAM                       nvFARRAM     000000
__Hnvbit                          nvbit        000000
__Hnvrram                         nvrram       000000
__Hparam                          param0       000000
__Hparam0                         param0       000000
__Hpowerup                        powerup      00018C
__Hram                            ram          000000
__Hramtop                         ramtop       000300
__Hrbit                           rbit         000000
__Hrbss                           rbss         000000
__Hrdata                          rdata        000000
__Hreset_vec                      reset_vec    000004
__Hsfr                            sfr          000000
__Hsmallconst                     smallconst   000000
__Hspace_0                        (abs)        30000E
__Hspace_1                        (abs)        000241
__Hspace_2                        (abs)        000000
__Hstack                          stack        000000
__Hstruct                         struct       000000
__Htemp                           temp         000000
__Htext                           text         000000
__Htext0                          text0        000000
__Htext1                          text1        000000
__Htext10                         text10       000000
__Htext11                         text11       000000
__Htext12                         text12       000000
__Htext13                         text13       000000
__Htext14                         text14       000000
__Htext15                         text15       000000
__Htext16                         text16       000000
__Htext17                         text17       000000
__Htext18                         text18       000000
__Htext19                         text19       000000
__Htext2                          text2        000000
__Htext21                         text21       000000
__Htext22                         text22       000000
__Htext3                          text3        000000
__Htext4                          text4        000000
__Htext5                          text5        000000
__Htext6                          text6        000000
__Htext7                          text7        000000
__Htext8                          text8        000000
__Htext9                          text9        000000
__LRAM                            (abs)        000001
__Labs1                           abs1         000000
__Lbank0                          bank0        000000
__Lbank1                          bank1        000000
__Lbank2                          bank2        000000
__Lbigbss                         bigbss       000000
__Lbigdata                        bigdata      000000
__Lbigram                         bigram       000000
__LbitbssCOMRAM                   bitbssCOMRAM 000000
__Lbss                            bss          000000
__LbssBANK0                       bssBANK0     000000
__LbssCOMRAM                      bssCOMRAM    000000
__Lcinit                          cinit        000000
__Lclrtext                        clrtext      000000
__Lcomram                         comram       000000
__Lconfig                         config       300000
__Lconst                          const        000000
__LcstackBANK0                    cstackBANK0  000000
__LcstackCOMRAM                   cstackCOMRAM 000000
__Ldata                           data         000000
__LdataBANK0                      dataBANK0    000000
__Leeprom_data                    eeprom_data  000000
__Lend_init                       end_init     00018C
__Lfarbss                         farbss       000000
__Lfardata                        fardata      000000
__Libigdata                       ibigdata     000000
__Lidata                          idata        000000
__LidataBANK0                     idataBANK0   000000
__Lidloc                          idloc        000000
__Lifardata                       ifardata     000000
__Linit                           init         00018C
__Lintcode                        intcode      000008
__Lintcode_body                   intcode_body 000000
__Lintcodelo                      intcodelo    000018
__Lintentry                       intentry     000000
__Lintret                         intret       000000
__Lintsave_regs                   intsave_regs 000000
__Lirdata                         irdata       000000
__Lmediumconst                    mediumconst  000000
__LnvFARRAM                       nvFARRAM     000000
__Lnvbit                          nvbit        000000
__Lnvrram                         nvrram       000000
__Lparam                          param0       000000
__Lparam0                         param0       000000
__Lpowerup                        powerup      00018C
__Lram                            ram          000000
__Lramtop                         ramtop       000300
__Lrbit                           rbit         000000
__Lrbss                           rbss         000000
__Lrdata                          rdata        000000
__Lreset_vec                      reset_vec    000000
__Lsfr                            sfr          000000
__Lsmallconst                     smallconst   000000
__Lspace_0                        (abs)        000000
__Lspace_1                        (abs)        000000
__Lspace_2                        (abs)        000000
__Lstack                          stack        000000
__Lstruct                         struct       000000
__Ltemp                           temp         000000
__Ltext                           text         000000
__Ltext0                          text0        000000
__Ltext1                          text1        000000
__Ltext10                         text10       000000
__Ltext11                         text11       000000
__Ltext12                         text12       000000
__Ltext13                         text13       000000
__Ltext14                         text14       000000
__Ltext15                         text15       000000
__Ltext16                         text16       000000
__Ltext17                         text17       000000
__Ltext18                         text18       000000
__Ltext19                         text19       000000
__Ltext2                          text2        000000
__Ltext21                         text21       000000
__Ltext22                         text22       000000
__Ltext3                          text3        000000
__Ltext4                          text4        000000
__Ltext5                          text5        000000
__Ltext6                          text6        000000
__Ltext7                          text7        000000
__Ltext8                          text8        000000
__Ltext9                          text9        000000
__S0                              (abs)        30000E
__S1                              (abs)        0000C6
__S2                              (abs)        000000
___awdiv                          text10       002726
___awdiv@counter                  cstackBANK0  0000A5
___awdiv@dividend                 cstackBANK0  0000A1
___awdiv@divisor                  cstackBANK0  0000A3
___awdiv@quotient                 cstackBANK0  0000A7
___awdiv@sign                     cstackBANK0  0000A6
___inthi_sp                       stack        000000
___intlo_sp                       stack        000000
___sp                             stack        000000
___wmul                           text9        002B0A
___wmul@multiplicand              cstackBANK0  0000AB
___wmul@multiplier                cstackBANK0  0000A9
___wmul@product                   cstackBANK0  0000AD
__accesstop                       (abs)        000060
__activetblptr                    (abs)        000002
__end_of_CANInitialize            text4        00260C
__end_of_CANOperationMode         text7        002B9C
__end_of_CANSetFilter             text6        000DBA
__end_of_CANSetMask               text5        002410
__end_of_CANisRXwarningON         text19       002BDC
__end_of_CANisRxReady             text22       002BB2
__end_of_CANisTXwarningON         text18       002BD0
__end_of_CANisTxReady             text12       002B64
__end_of_CANreceiveMessage        text21       00200E
__end_of_CANsendMessage           text11       001630
__end_of_ISR_alta                 intcode_body 0029B4
__end_of_ISR_bassa                intcodelo    00018C
__end_of_OpenEPWM1                text17       002BC4
__end_of_OpenTimer2               text16       002B86
__end_of_SetDCEPWM1               text15       002A4E
__end_of_SetOutputEPWM1           text14       002A06
__end_of___awdiv                  text10       002808
__end_of___wmul                   text9        002B40
__end_of__initialization          cinit        002AC2
__end_of_abs                      text13       002A8E
__end_of_battery_measure          text8        0028B2
__end_of_configurazione_iniziale  text3        00294C
__end_of_delay_ms                 text2        002B0A
__end_of_main                     text0        001B3A
__end_of_send_data                text1        002726
__initialization                  cinit        002A8E
__mediumconst                     mediumconst  000000
__pbitbssCOMRAM                   bitbssCOMRAM 000238
__pbssBANK0                       bssBANK0     000060
__pbssCOMRAM                      bssCOMRAM    000001
__pcinit                          cinit        002A8E
__pcstackBANK0                    cstackBANK0  000093
__pcstackCOMRAM                   cstackCOMRAM 00002A
__pdataBANK0                      dataBANK0    0000C4
__pidataBANK0                     idataBANK0   002BDC
__pintcode                        intcode      000008
__pintcode_body                   intcode_body 00294C
__pintcodelo                      intcodelo    000018
__ptext0                          text0        001630
__ptext1                          text1        00260C
__ptext10                         text10       002726
__ptext11                         text11       000DBA
__ptext12                         text12       002B40
__ptext13                         text13       002A4E
__ptext14                         text14       0029B4
__ptext15                         text15       002A06
__ptext16                         text16       002B64
__ptext17                         text17       002BB2
__ptext18                         text18       002BC4
__ptext19                         text19       002BD0
__ptext2                          text2        002ACC
__ptext21                         text21       001B3A
__ptext22                         text22       002B9C
__ptext3                          text3        0028B2
__ptext4                          text4        002410
__ptext5                          text5        00200E
__ptext6                          text6        000190
__ptext7                          text7        002B86
__ptext8                          text8        002808
__ptext9                          text9        002B0A
__ramtop                          ramtop       000300
__size_of_CANInitialize           (abs)        000000
__size_of_CANOperationMode        (abs)        000000
__size_of_CANSetFilter            (abs)        000000
__size_of_CANSetMask              (abs)        000000
__size_of_CANisRXwarningON        (abs)        000000
__size_of_CANisRxReady            (abs)        000000
__size_of_CANisTXwarningON        (abs)        000000
__size_of_CANisTxReady            (abs)        000000
__size_of_CANreceiveMessage       (abs)        000000
__size_of_CANsendMessage          (abs)        000000
__size_of_ISR_alta                (abs)        000000
__size_of_ISR_bassa               (abs)        000000
__size_of_OpenEPWM1               (abs)        000000
__size_of_OpenTimer2              (abs)        000000
__size_of_SetDCEPWM1              (abs)        000000
__size_of_SetOutputEPWM1          (abs)        000000
__size_of___awdiv                 (abs)        000000
__size_of___wmul                  (abs)        000000
__size_of_abs                     (abs)        000000
__size_of_battery_measure         (abs)        000000
__size_of_configurazione_iniziale (abs)        000000
__size_of_delay_ms                (abs)        000000
__size_of_main                    (abs)        000000
__size_of_send_data               (abs)        000000
__smallconst                      smallconst   000000
_abs                              text13       002A4E
_battery_measure                  text8        002808
_can_retry                        bitbssCOMRAM 000238
_centralina_abs                   bitbssCOMRAM 000239
_centralina_comando               bitbssCOMRAM 00023A
_centralina_sterzo                bitbssCOMRAM 00023B
_clock_counter_reference          bssBANK0     00007C
_configurazione_iniziale          text3        0028B2
_correzione                       bssBANK0     00007E
_counter                          bssCOMRAM    000001
_counter_array                    bssBANK0     000060
_currentSpeed                     dataBANK0    0000C4
_currentSpeed_array               bssBANK0     000068
_data_array                       bssBANK0     00008B
_data_array1                      bssCOMRAM    000022
_delay_ms                         text2        002ACC
_delay_quartz_frequency_value     dataBANK0    0000C5
_dir                              bssBANK0     000080
_duty_cycle                       bssCOMRAM    000011
_duty_set                         bssBANK0     000086
_errore                           bssBANK0     000082
_id                               bssCOMRAM    000005
_id1                              bssCOMRAM    000009
_left_speed                       bssBANK0     000087
_main                             text0        001630
_message_sent                     bitbssCOMRAM 00023C
_msg                              bssCOMRAM    000013
_previousPwm                      bssBANK0     000088
_previousTimeCounter              bssBANK0     000070
_previousTimeCounter1             bssBANK0     000074
_previousTimeCounter2             bssBANK0     000078
_remote_frame                     bitbssCOMRAM 00023D
_remote_frame1                    bitbssCOMRAM 00023E
_requestSpeed                     bssBANK0     000089
_request_sent                     bitbssCOMRAM 00023F
_right_speed                      bssBANK0     00008A
_send_data                        text1        00260C
_speed_fetched                    bitbssCOMRAM 000240
_timeCounter                      bssCOMRAM    00000D
_vBatt                            bssBANK0     000084
abs@a                             cstackBANK0  0000A1
delay_ms@value_ms                 cstackBANK0  0000AF
end_of_initialization             cinit        002AC2
int_func                          intcode_body 00294C
intlevel0                         text         000000
intlevel1                         text         000000
intlevel2                         text         000000
intlevel3                         text         000000
main@period                       cstackBANK0  0000C3
send_data@i                       cstackBANK0  0000B1
stackhi                           (abs)        0002FF
stacklo                           (abs)        0000C6
start                             init         00018C
start_initialization              cinit        002A8E


FUNCTION INFORMATION:

 *************** function _main *****************
 Defined at:
		line 138 in file "motore.c"
 Parameters:    Size  Location     Type
		None
 Auto vars:     Size  Location     Type
  period          1   48[BANK0 ] unsigned char 
 Return value:  Size  Location     Type
                  2  672[COMRAM] int 
 Registers used:
		wreg, fsr1l, fsr1h, fsr2l, fsr2h, status,2, status,0, prodl, prodh, cstack
 Tracked objects:
		On entry : 
		On exit  : 
		Unchanged: 
 Data sizes:     COMRAM   BANK0   BANK1   BANK2
      Params:         0       0       0       0
      Locals:         0       1       0       0
      Temps:          0       8       0       0
      Totals:         0       9       0       0
Total ram usage:        9 bytes
 Hardware stack levels required when called:    6
 This function calls:
		_CANisRXwarningON
		_CANisTXwarningON
		_CANsendMessage
		_OpenEPWM1
		_OpenTimer2
		_SetDCEPWM1
		_SetOutputEPWM1
		___awdiv
		___wmul
		_abs
		_battery_measure
		_configurazione_iniziale
		_delay_ms
		_send_data
 This function is called by:
		Startup code after reset
 This function uses a non-reentrant model


 *************** function _send_data *****************
 Defined at:
		line 238 in file "motore.c"
 Parameters:    Size  Location     Type
		None
 Auto vars:     Size  Location     Type
  i               1   30[BANK0 ] unsigned char 
 Return value:  Size  Location     Type
		None               void
 Registers used:
		wreg, fsr1l, fsr1h, fsr2l, fsr2h, status,2, status,0, prodl, prodh, cstack
 Tracked objects:
		On entry : 
		On exit  : 
		Unchanged: 
 Data sizes:     COMRAM   BANK0   BANK1   BANK2
      Params:         0       0       0       0
      Locals:         0       1       0       0
      Temps:          0       0       0       0
      Totals:         0       1       0       0
Total ram usage:        1 bytes
 Hardware stack levels used:    1
 Hardware stack levels required when called:    4
 This function calls:
		_CANisTxReady
		_CANsendMessage
 This function is called by:
		_main
 This function uses a non-reentrant model


 *************** function _delay_ms *****************
 Defined at:
		line 61 in file "delay.c"
 Parameters:    Size  Location     Type
  value_ms        2   28[BANK0 ] unsigned int 
 Auto vars:     Size  Location     Type
		None
 Return value:  Size  Location     Type
		None               void
 Registers used:
		wreg, status,2, status,0, prodl, prodh, cstack
 Tracked objects:
		On entry : 
		On exit  : 
		Unchanged: 
 Data sizes:     COMRAM   BANK0   BANK1   BANK2
      Params:         0       2       0       0
      Locals:         0       0       0       0
      Temps:          0       0       0       0
      Totals:         0       2       0       0
Total ram usage:        2 bytes
 Hardware stack levels used:    1
 Hardware stack levels required when called:    4
 This function calls:
		___wmul
 This function is called by:
		_main
		_delay_s
 This function uses a non-reentrant model


 *************** function _configurazione_iniziale *****************
 Defined at:
		line 282 in file "motore.c"
 Parameters:    Size  Location     Type
		None
 Auto vars:     Size  Location     Type
		None
 Return value:  Size  Location     Type
		None               void
 Registers used:
		wreg, status,2, status,0, cstack
 Tracked objects:
		On entry : 
		On exit  : 
		Unchanged: 
 Data sizes:     COMRAM   BANK0   BANK1   BANK2
      Params:         0       0       0       0
      Locals:         0       0       0       0
      Temps:          0       0       0       0
      Totals:         0       0       0       0
Total ram usage:        0 bytes
 Hardware stack levels used:    1
 Hardware stack levels required when called:    5
 This function calls:
		_CANInitialize
 This function is called by:
		_main
 This function uses a non-reentrant model


 *************** function _CANInitialize *****************
 Defined at:
		line 218 in file "CANlib.h"
 Parameters:    Size  Location     Type
  propSeg         1    wreg     unsigned char 
  phaseSeg1       1   28[BANK0 ] unsigned char 
  phaseSeg2       1   29[BANK0 ] unsigned char 
  SJW             1   30[BANK0 ] unsigned char 
  BRP             1   31[BANK0 ] unsigned char 
  flags           1   32[BANK0 ] enum E16885
 Auto vars:     Size  Location     Type
  propSeg         1   37[BANK0 ] unsigned char 
  FilterConfig    1   39[BANK0 ] unsigned char 
  FilterConfig    1   38[BANK0 ] unsigned char 
 Return value:  Size  Location     Type
		None               void
 Registers used:
		wreg, status,2, status,0, cstack
 Tracked objects:
		On entry : 
		On exit  : 
		Unchanged: 
 Data sizes:     COMRAM   BANK0   BANK1   BANK2
      Params:         0       5       0       0
      Locals:         0       3       0       0
      Temps:          0       4       0       0
      Totals:         0      12       0       0
Total ram usage:       12 bytes
 Hardware stack levels used:    1
 Hardware stack levels required when called:    4
 This function calls:
		_CANOperationMode
		_CANSetFilter
		_CANSetMask
 This function is called by:
		_configurazione_iniziale
 This function uses a non-reentrant model


 *************** function _CANSetMask *****************
 Defined at:
		line 640 in file "CANlib.h"
 Parameters:    Size  Location     Type
  numBuffer       1    wreg     enum E16919
  mask            4   14[BANK0 ] unsigned long 
  type            1   18[BANK0 ] enum E16885
 Auto vars:     Size  Location     Type
  numBuffer       1   23[BANK0 ] enum E16919
  tamp            4   24[BANK0 ] unsigned long 
 Return value:  Size  Location     Type
		None               void
 Registers used:
		wreg, status,2, status,0
 Tracked objects:
		On entry : 
		On exit  : 
		Unchanged: 
 Data sizes:     COMRAM   BANK0   BANK1   BANK2
      Params:         0       5       0       0
      Locals:         0       5       0       0
      Temps:          0       4       0       0
      Totals:         0      14       0       0
Total ram usage:       14 bytes
 Hardware stack levels used:    1
 Hardware stack levels required when called:    3
 This function calls:
		Nothing
 This function is called by:
		_CANInitialize
 This function uses a non-reentrant model


 *************** function _CANSetFilter *****************
 Defined at:
		line 748 in file "CANlib.h"
 Parameters:    Size  Location     Type
  numBuffer       1    wreg     enum E16922
  filter          4   14[BANK0 ] unsigned long 
  type            1   18[BANK0 ] enum E16885
 Auto vars:     Size  Location     Type
  numBuffer       1   23[BANK0 ] enum E16922
  tamp            4   24[BANK0 ] unsigned long 
 Return value:  Size  Location     Type
		None               void
 Registers used:
		wreg, status,2, status,0
 Tracked objects:
		On entry : 
		On exit  : 
		Unchanged: 
 Data sizes:     COMRAM   BANK0   BANK1   BANK2
      Params:         0       5       0       0
      Locals:         0       5       0       0
      Temps:          0       4       0       0
      Totals:         0      14       0       0
Total ram usage:       14 bytes
 Hardware stack levels used:    1
 Hardware stack levels required when called:    3
 This function calls:
		Nothing
 This function is called by:
		_CANInitialize
 This function uses a non-reentrant model


 *************** function _CANOperationMode *****************
 Defined at:
		line 206 in file "CANlib.h"
 Parameters:    Size  Location     Type
  mode            1    wreg     enum E16879
 Auto vars:     Size  Location     Type
  mode            1   14[BANK0 ] enum E16879
 Return value:  Size  Location     Type
		None               void
 Registers used:
		wreg, status,2, status,0
 Tracked objects:
		On entry : 
		On exit  : 
		Unchanged: 
 Data sizes:     COMRAM   BANK0   BANK1   BANK2
      Params:         0       0       0       0
      Locals:         0       1       0       0
      Temps:          0       0       0       0
      Totals:         0       1       0       0
Total ram usage:        1 bytes
 Hardware stack levels used:    1
 Hardware stack levels required when called:    3
 This function calls:
		Nothing
 This function is called by:
		_CANInitialize
 This function uses a non-reentrant model


 *************** function _battery_measure *****************
 Defined at:
		line 270 in file "motore.c"
 Parameters:    Size  Location     Type
		None
 Auto vars:     Size  Location     Type
		None
 Return value:  Size  Location     Type
		None               void
 Registers used:
		wreg, fsr2l, fsr2h, status,2, status,0, prodl, prodh, cstack
 Tracked objects:
		On entry : 
		On exit  : 
		Unchanged: 
 Data sizes:     COMRAM   BANK0   BANK1   BANK2
      Params:         0       0       0       0
      Locals:         0       0       0       0
      Temps:          0       0       0       0
      Totals:         0       0       0       0
Total ram usage:        0 bytes
 Hardware stack levels used:    1
 Hardware stack levels required when called:    4
 This function calls:
		_CANisTxReady
		_CANsendMessage
		___awdiv
		___wmul
 This function is called by:
		_main
 This function uses a non-reentrant model


 *************** function ___wmul *****************
 Defined at:
		line 15 in file "C:\Program Files\Microchip\xc8\v1.33\sources\common\Umul16.c"
 Parameters:    Size  Location     Type
  multiplier      2   22[BANK0 ] unsigned int 
  multiplicand    2   24[BANK0 ] unsigned int 
 Auto vars:     Size  Location     Type
  product         2   26[BANK0 ] unsigned int 
 Return value:  Size  Location     Type
                  2   22[BANK0 ] unsigned int 
 Registers used:
		wreg, status,2, status,0, prodl, prodh
 Tracked objects:
		On entry : 
		On exit  : 
		Unchanged: 
 Data sizes:     COMRAM   BANK0   BANK1   BANK2
      Params:         0       4       0       0
      Locals:         0       2       0       0
      Temps:          0       0       0       0
      Totals:         0       6       0       0
Total ram usage:        6 bytes
 Hardware stack levels used:    1
 Hardware stack levels required when called:    3
 This function calls:
		Nothing
 This function is called by:
		_delay_ms
		_main
		_battery_measure
 This function uses a non-reentrant model


 *************** function ___awdiv *****************
 Defined at:
		line 8 in file "C:\Program Files\Microchip\xc8\v1.33\sources\common\awdiv.c"
 Parameters:    Size  Location     Type
  dividend        2   14[BANK0 ] int 
  divisor         2   16[BANK0 ] int 
 Auto vars:     Size  Location     Type
  quotient        2   20[BANK0 ] int 
  sign            1   19[BANK0 ] unsigned char 
  counter         1   18[BANK0 ] unsigned char 
 Return value:  Size  Location     Type
                  2   14[BANK0 ] int 
 Registers used:
		wreg, status,2, status,0, prodl
 Tracked objects:
		On entry : 
		On exit  : 
		Unchanged: 
 Data sizes:     COMRAM   BANK0   BANK1   BANK2
      Params:         0       4       0       0
      Locals:         0       4       0       0
      Temps:          0       0       0       0
      Totals:         0       8       0       0
Total ram usage:        8 bytes
 Hardware stack levels used:    1
 Hardware stack levels required when called:    3
 This function calls:
		Nothing
 This function is called by:
		_main
		_battery_measure
 This function uses a non-reentrant model


 *************** function _CANsendMessage *****************
 Defined at:
		line 294 in file "CANlib.h"
 Parameters:    Size  Location     Type
  identifier      4   14[BANK0 ] unsigned long 
  data            2   18[BANK0 ] PTR unsigned char 
		 -> data_array1(8), data_array(8), NULL(0), 
  dataLength      1   20[BANK0 ] unsigned char 
  flags           1   21[BANK0 ] enum E16907
 Auto vars:     Size  Location     Type
  tamp            4   26[BANK0 ] unsigned long 
 Return value:  Size  Location     Type
		None               void
 Registers used:
		wreg, fsr2l, fsr2h, status,2, status,0
 Tracked objects:
		On entry : 
		On exit  : 
		Unchanged: 
 Data sizes:     COMRAM   BANK0   BANK1   BANK2
      Params:         0       8       0       0
      Locals:         0       4       0       0
      Temps:          0       4       0       0
      Totals:         0      16       0       0
Total ram usage:       16 bytes
 Hardware stack levels used:    1
 Hardware stack levels required when called:    3
 This function calls:
		Nothing
 This function is called by:
		_main
		_send_data
		_battery_measure
 This function uses a non-reentrant model


 *************** function _CANisTxReady *****************
 Defined at:
		line 1154 in file "CANlib.h"
 Parameters:    Size  Location     Type
		None
 Auto vars:     Size  Location     Type
		None
 Return value:  Size  Location     Type
                  1    wreg      unsigned char 
 Registers used:
		wreg, status,2
 Tracked objects:
		On entry : 
		On exit  : 
		Unchanged: 
 Data sizes:     COMRAM   BANK0   BANK1   BANK2
      Params:         0       0       0       0
      Locals:         0       1       0       0
      Temps:          0       0       0       0
      Totals:         0       1       0       0
Total ram usage:        1 bytes
 Hardware stack levels used:    1
 Hardware stack levels required when called:    3
 This function calls:
		Nothing
 This function is called by:
		_send_data
		_battery_measure
 This function uses a non-reentrant model


 *************** function _abs *****************
 Defined at:
		line 4 in file "C:\Program Files\Microchip\xc8\v1.33\sources\common\abs.c"
 Parameters:    Size  Location     Type
  a               2   14[BANK0 ] int 
 Auto vars:     Size  Location     Type
		None
 Return value:  Size  Location     Type
                  2   14[BANK0 ] int 
 Registers used:
		wreg, status,2, status,0, prodl
 Tracked objects:
		On entry : 
		On exit  : 
		Unchanged: 
 Data sizes:     COMRAM   BANK0   BANK1   BANK2
      Params:         0       2       0       0
      Locals:         0       0       0       0
      Temps:          0       2       0       0
      Totals:         0       4       0       0
Total ram usage:        4 bytes
 Hardware stack levels used:    1
 Hardware stack levels required when called:    3
 This function calls:
		Nothing
 This function is called by:
		_main
 This function uses a non-reentrant model


 *************** function _SetOutputEPWM1 *****************
 Defined at:
		line 18 in file "C:\Program Files\Microchip\xc8\v1.33\sources\pic18\plib\PWM\ew1setoc.c"
 Parameters:    Size  Location     Type
  outputconfig    1    wreg     unsigned char 
  outputmode      1   14[BANK0 ] unsigned char 
 Auto vars:     Size  Location     Type
  outputconfig    1   15[BANK0 ] unsigned char 
 Return value:  Size  Location     Type
		None               void
 Registers used:
		wreg, status,2, status,0
 Tracked objects:
		On entry : 
		On exit  : 
		Unchanged: 
 Data sizes:     COMRAM   BANK0   BANK1   BANK2
      Params:         0       1       0       0
      Locals:         0       1       0       0
      Temps:          0       0       0       0
      Totals:         0       2       0       0
Total ram usage:        2 bytes
 Hardware stack levels used:    1
 Hardware stack levels required when called:    3
 This function calls:
		Nothing
 This function is called by:
		_main
 This function uses a non-reentrant model


 *************** function _SetDCEPWM1 *****************
 Defined at:
		line 15 in file "C:\Program Files\Microchip\xc8\v1.33\sources\pic18\plib\PWM\ew1setdc.c"
 Parameters:    Size  Location     Type
  dutycycle       2   14[BANK0 ] unsigned int 
 Auto vars:     Size  Location     Type
  DCycle          2   18[BANK0 ] struct PWMDC
 Return value:  Size  Location     Type
		None               void
 Registers used:
		wreg, status,2, status,0
 Tracked objects:
		On entry : 
		On exit  : 
		Unchanged: 
 Data sizes:     COMRAM   BANK0   BANK1   BANK2
      Params:         0       2       0       0
      Locals:         0       2       0       0
      Temps:          0       2       0       0
      Totals:         0       6       0       0
Total ram usage:        6 bytes
 Hardware stack levels used:    1
 Hardware stack levels required when called:    3
 This function calls:
		Nothing
 This function is called by:
		_main
 This function uses a non-reentrant model


 *************** function _OpenTimer2 *****************
 Defined at:
		line 17 in file "C:\Program Files\Microchip\xc8\v1.33\sources\pic18\plib\Timers\t2open.c"
 Parameters:    Size  Location     Type
  config          1    wreg     unsigned char 
 Auto vars:     Size  Location     Type
  config          1   14[BANK0 ] unsigned char 
 Return value:  Size  Location     Type
		None               void
 Registers used:
		wreg, status,2, status,0
 Tracked objects:
		On entry : 
		On exit  : 
		Unchanged: 
 Data sizes:     COMRAM   BANK0   BANK1   BANK2
      Params:         0       0       0       0
      Locals:         0       1       0       0
      Temps:          0       0       0       0
      Totals:         0       1       0       0
Total ram usage:        1 bytes
 Hardware stack levels used:    1
 Hardware stack levels required when called:    3
 This function calls:
		Nothing
 This function is called by:
		_main
 This function uses a non-reentrant model


 *************** function _OpenEPWM1 *****************
 Defined at:
		line 15 in file "C:\Program Files\Microchip\xc8\v1.33\sources\pic18\plib\PWM\ew1open.c"
 Parameters:    Size  Location     Type
  period          1    wreg     unsigned char 
 Auto vars:     Size  Location     Type
  period          1   14[BANK0 ] unsigned char 
 Return value:  Size  Location     Type
		None               void
 Registers used:
		wreg, status,2
 Tracked objects:
		On entry : 
		On exit  : 
		Unchanged: 
 Data sizes:     COMRAM   BANK0   BANK1   BANK2
      Params:         0       0       0       0
      Locals:         0       1       0       0
      Temps:          0       0       0       0
      Totals:         0       1       0       0
Total ram usage:        1 bytes
 Hardware stack levels used:    1
 Hardware stack levels required when called:    3
 This function calls:
		Nothing
 This function is called by:
		_main
 This function uses a non-reentrant model


 *************** function _CANisTXwarningON *****************
 Defined at:
		line 1119 in file "CANlib.h"
 Parameters:    Size  Location     Type
		None
 Auto vars:     Size  Location     Type
		None
 Return value:  Size  Location     Type
                  1    wreg      unsigned char 
 Registers used:
		wreg
 Tracked objects:
		On entry : 
		On exit  : 
		Unchanged: 
 Data sizes:     COMRAM   BANK0   BANK1   BANK2
      Params:         0       0       0       0
      Locals:         0       0       0       0
      Temps:          0       0       0       0
      Totals:         0       0       0       0
Total ram usage:        0 bytes
 Hardware stack levels used:    1
 Hardware stack levels required when called:    3
 This function calls:
		Nothing
 This function is called by:
		_main
 This function uses a non-reentrant model


 *************** function _CANisRXwarningON *****************
 Defined at:
		line 1127 in file "CANlib.h"
 Parameters:    Size  Location     Type
		None
 Auto vars:     Size  Location     Type
		None
 Return value:  Size  Location     Type
                  1    wreg      unsigned char 
 Registers used:
		wreg
 Tracked objects:
		On entry : 
		On exit  : 
		Unchanged: 
 Data sizes:     COMRAM   BANK0   BANK1   BANK2
      Params:         0       0       0       0
      Locals:         0       0       0       0
      Temps:          0       0       0       0
      Totals:         0       0       0       0
Total ram usage:        0 bytes
 Hardware stack levels used:    1
 Hardware stack levels required when called:    3
 This function calls:
		Nothing
 This function is called by:
		_main
 This function uses a non-reentrant model


 *************** function _ISR_bassa *****************
 Defined at:
		line 94 in file "motore.c"
 Parameters:    Size  Location     Type
		None
 Auto vars:     Size  Location     Type
		None
 Return value:  Size  Location     Type
		None               void
 Registers used:
		wreg, fsr2l, fsr2h, status,2, status,0, cstack
 Tracked objects:
		On entry : 
		On exit  : 
		Unchanged: 
 Data sizes:     COMRAM   BANK0   BANK1   BANK2
      Params:         0       0       0       0
      Locals:         0       0       0       0
      Temps:         17       0       0       0
      Totals:        17       0       0       0
Total ram usage:       17 bytes
 Hardware stack levels used:    1
 Hardware stack levels required when called:    2
 This function calls:
		_CANisRxReady
		_CANreceiveMessage
 This function is called by:
		Interrupt level 1
 This function uses a non-reentrant model


 *************** function _CANreceiveMessage *****************
 Defined at:
		line 528 in file "CANlib.h"
 Parameters:    Size  Location     Type
  msg             2    0[COMRAM] PTR struct .
		 -> msg(15), 
 Auto vars:     Size  Location     Type
  tamp            1   11[COMRAM] unsigned char 
  error           1   10[COMRAM] unsigned char 
 Return value:  Size  Location     Type
                  1    wreg      unsigned char 
 Registers used:
		wreg, fsr2l, fsr2h, status,2, status,0
 Tracked objects:
		On entry : 
		On exit  : 
		Unchanged: 
 Data sizes:     COMRAM   BANK0   BANK1   BANK2
      Params:         2       0       0       0
      Locals:         2       0       0       0
      Temps:          8       0       0       0
      Totals:        12       0       0       0
Total ram usage:       12 bytes
 Hardware stack levels used:    1
 Hardware stack levels required when called:    1
 This function calls:
		Nothing
 This function is called by:
		_ISR_bassa
 This function uses a non-reentrant model


 *************** function _CANisRxReady *****************
 Defined at:
		line 1163 in file "CANlib.h"
 Parameters:    Size  Location     Type
		None
 Auto vars:     Size  Location     Type
		None
 Return value:  Size  Location     Type
                  1    wreg      unsigned char 
 Registers used:
		wreg, status,2
 Tracked objects:
		On entry : 
		On exit  : 
		Unchanged: 
 Data sizes:     COMRAM   BANK0   BANK1   BANK2
      Params:         0       0       0       0
      Locals:         1       0       0       0
      Temps:          0       0       0       0
      Totals:         1       0       0       0
Total ram usage:        1 bytes
 Hardware stack levels used:    1
 Hardware stack levels required when called:    1
 This function calls:
		Nothing
 This function is called by:
		_ISR_bassa
 This function uses a non-reentrant model


 *************** function _ISR_alta *****************
 Defined at:
		line 86 in file "motore.c"
 Parameters:    Size  Location     Type
		None
 Auto vars:     Size  Location     Type
		None
 Return value:  Size  Location     Type
		None               void
 Registers used:
		None
 Tracked objects:
		On entry : 
		On exit  : 
		Unchanged: 
 Data sizes:     COMRAM   BANK0   BANK1   BANK2
      Params:         0       0       0       0
      Locals:         0       0       0       0
      Temps:          0      14       0       0
      Totals:         0      14       0       0
Total ram usage:       14 bytes
 Hardware stack levels used:    1
 This function calls:
		Nothing
 This function is called by:
		Interrupt level 2
 This function uses a non-reentrant model



MODULE INFORMATION

Module		Function		Class		Link	Load	Size
C:\Program Files\Microchip\xc8\v1.33\sources\pic18\plib\PWM\ew1open.c
		_OpenEPWM1     		CODE           	2BB2	0000	18

C:\Program Files\Microchip\xc8\v1.33\sources\pic18\plib\PWM\ew1open.c estimated size: 18

delay.c
		_delay_ms      		CODE           	2ACC	0000	62

delay.c estimated size: 62

C:\Program Files\Microchip\xc8\v1.33\sources\common\abs.c
		_abs           		CODE           	2A4E	0000	64

C:\Program Files\Microchip\xc8\v1.33\sources\common\abs.c estimated size: 64

C:\Program Files\Microchip\xc8\v1.33\sources\pic18\plib\PWM\ew1setdc.c
		_SetDCEPWM1    		CODE           	2A06	0000	72

C:\Program Files\Microchip\xc8\v1.33\sources\pic18\plib\PWM\ew1setdc.c estimated size: 72

C:\Program Files\Microchip\xc8\v1.33\sources\pic18\plib\Timers\t2open.c
		_OpenTimer2    		CODE           	2B64	0000	34

C:\Program Files\Microchip\xc8\v1.33\sources\pic18\plib\Timers\t2open.c estimated size: 34

C:\Program Files\Microchip\xc8\v1.33\sources\common\awdiv.c
		___awdiv       		CODE           	2726	0000	226

C:\Program Files\Microchip\xc8\v1.33\sources\common\awdiv.c estimated size: 226

CANlib.h
		_CANisRXwarning		CODE           	2BD0	0000	12
		_CANSetFilter  		CODE           	0190	0000	3114
		_CANisRxReady  		CODE           	2B9C	0000	22
		_CANreceiveMess		CODE           	1B3A	0000	1236
		_CANisTXwarning		CODE           	2BC4	0000	12
		_CANsendMessage		CODE           	0DBA	0000	2166
		_CANInitialize 		CODE           	2410	0000	508
		_CANOperationMo		CODE           	2B86	0000	22
		_CANisTxReady  		CODE           	2B40	0000	36
		_CANSetMask    		CODE           	200E	0000	1026

CANlib.h estimated size: 8154

motore.c
		_configurazione		CODE           	28B2	0000	154
		_send_data     		CODE           	260C	0000	282
		_main          		CODE           	1630	0000	1290
		_battery_measur		CODE           	2808	0000	170
		_ISR_bassa     		CODE           	0018	0000	372
		_ISR_alta      		CODE           	0008	0000	10668

motore.c estimated size: 12936

shared
		__initializatio		CODE           	2A8E	0000	52

shared estimated size: 52

C:\Program Files\Microchip\xc8\v1.33\sources\pic18\plib\PWM\ew1setoc.c
		_SetOutputEPWM1		CODE           	29B4	0000	82

C:\Program Files\Microchip\xc8\v1.33\sources\pic18\plib\PWM\ew1setoc.c estimated size: 82

C:\Program Files\Microchip\xc8\v1.33\sources\common\Umul16.c
		___wmul        		CODE           	2B0A	0000	54

C:\Program Files\Microchip\xc8\v1.33\sources\common\Umul16.c estimated size: 54

