Microchip MPLAB XC8 Compiler V1.35 ()

Linker command line:

--edf=C:\Program Files (x86)\Microchip\xc8\v1.35\dat\en_msgs.txt -cs \
  -h+dist/default/production\motore.production.sym \
  --cmf=dist/default/production\motore.production.cmf -z -Q18F4685 \
  -oC:\Users\Simone\AppData\Local\Temp\s834.2 \
  -Mdist/default/production/motore.production.map -E1 -ver=XC8 --acfsm=1493 \
  -ASTACK=013Fh-0cffh -pstack=STACK -ACODE=00h-017FFFh -ACONST=00h-017FFFh \
  -ASMALLCONST=0D00h-0DFFhx371 -AMEDIUMCONST=0D00h-0FFFFh,010D00h-017FFFh \
  -ACOMRAM=01h-05Fh -AABS1=00h-0CFFh -ABIGRAM=01h-0CFFh \
  -ARAM=060h-0FFh,0100h-01FFhx12 -ABANK0=060h-0FFh -ABANK1=0100h-01FFh \
  -ABANK2=0200h-02FFh -ABANK3=0300h-03FFh -ABANK4=0400h-04FFh \
  -ABANK5=0500h-05FFh -ABANK6=0600h-06FFh -ABANK7=0700h-07FFh \
  -ABANK8=0800h-08FFh -ABANK9=0900h-09FFh -ABANK10=0A00h-0AFFh \
  -ABANK11=0B00h-0BFFh -ABANK12=0C00h-0CFFh \
  -ASFR=0D00h-0DFFhx2,0F00h-0F5Fh,0F60h-0FFFh \
  -preset_vec=00h,intcode,intcodelo=018h,powerup,init,end_init \
  -pramtop=0D00h -psmallconst=SMALLCONST -pmediumconst=MEDIUMCONST \
  -pconst=CONST -AFARRAM=00h-00h -ACONFIG=0300000h-030000Dh -pconfig=CONFIG \
  -AIDLOC=0200000h-0200007h -pidloc=IDLOC -AEEDATA=0F00000h-0F003FFh \
  -peeprom_data=EEDATA \
  -prdata=COMRAM,nvrram=COMRAM,nvbit=COMRAM,rbss=COMRAM,rbit=COMRAM \
  -pfarbss=FARRAM,fardata=FARRAM,nvFARRAM=FARRAM \
  -pintsave_regs=BIGRAM,bigbss=BIGRAM,bigdata=BIGRAM -pbss=RAM \
  -pidata=CODE,irdata=CODE,ibigdata=CODE,ifardata=CODE -prparam=COMRAM \
  C:\Users\Simone\AppData\Local\Temp\s834.obj \
  dist/default/production\motore.production.obj 

Object code version is 3.11

Machine type is 18F4685

Call graph: (short form)




                Name                               Link     Load   Length Selector   Space Scale
C:\Users\Simone\AppData\Local\Temp\s834.obj
                end_init                            17A      17A        4        C       0
                reset_vec                             0        0        4        0       0
                config                           300000   300000        E   300000       0
dist/default/production\motore.production.obj
                intcodelo                            18       18      162        C       0
                temp                                 42       42        1        1       1
                smallconst                          D00      D00       4E      680       0
                text38                             5328     5328       16      6A7       0
                text37                             1FE0     1FE0      50C      6A7       0
                text35                             533E     533E       12      6A7       0
                text34                             52F0     52F0       22      6A7       0
                text33                             52CC     52CC       24      6A7       0
                text32                             1854     1854      78C      6A7       0
                text31                             4CBE     4CBE       BE      6A7       0
                text30                             5236     5236       36      6A7       0
                text29                             4F70     4F70       8E      6A7       0
                text28                             4EE2     4EE2       8E      6A7       0
                text27                             5312     5312       16      6A7       0
                text26                              D4E      D4E      B06      6A7       0
                text25                             36B6     36B6      39E      6A7       0
                text24                             4372     4372      1C6      6A7       0
                text23                             50D2     50D2       52      6A7       0
                text22                             526C     526C       34      6A7       0
                text21                             4E32     4E32       B0      6A7       0
                text20                             51BA     51BA       44      6A7       0
                text19                             4FFE     4FFE       78      6A7       0
                text18                             52A0     52A0       2C      6A7       0
                text17                             32F6     32F6      3C0      6A7       0
                text16                             51FE     51FE       38      6A7       0
                text15                             29A8     29A8      4A8      6A7       0
                text14                             5172     5172       48      6A7       0
                text13                             2E50     2E50      4A6      6A7       0
                text12                             4A9A     4A9A      118      6A7       0
                text11                             4538     4538      190      6A7       0
                text10                             4BB2     4BB2      10C      6A7       0
                text9                              41A4     41A4      1CE      6A7       0
                text8                              4D7C     4D7C       B6      6A7       0
                text7                              4976     4976      124      6A7       0
                text6                              4852     4852      124      6A7       0
                text5                              3D0A     3D0A      29A      6A7       0
                text4                              46C8     46C8      18A      6A7       0
                text3                              3FA4     3FA4      200      6A7       0
                text2                              24EC     24EC      4BC      6A7       0
                text1                              5124     5124       4E      6A7       0
                text0                              3A54     3A54      2B6      6A7       0
                cstackCOMRAM                          1        1       22        1       1
                cstackBANK0                          60       60       7B       60       1
                cstackBANK1                         127      127       18      100       1
                bssBANK1                            100      100       27      100       1
                dataBANK0                            FD       FD        2       60       1
                bssBANK0                             DB       DB       22       60       1
                dataCOMRAM                           41       41        1        1       1
                bssCOMRAM                            23       23       1C        1       1
                bitbssCOMRAM                        1F8       3F        A        1       1     8
                cinit                              5076     5076       5C      6A7       0
                idataBANK0                         5350     5350        2      6A7       0
                idataCOMRAM                        5352     5352        1      6A7       0

TOTAL           Name                               Link     Load   Length     Space
        CLASS   STACK          

        CLASS   CODE           
                end_init                            17A      17A        4         0
                intcodelo                            18       18      162         0
                reset_vec                             0        0        4         0
                text38                             5328     5328       16         0
                text37                             1FE0     1FE0      50C         0
                text35                             533E     533E       12         0
                text34                             52F0     52F0       22         0
                text33                             52CC     52CC       24         0
                text32                             1854     1854      78C         0
                text31                             4CBE     4CBE       BE         0
                text30                             5236     5236       36         0
                text29                             4F70     4F70       8E         0
                text28                             4EE2     4EE2       8E         0
                text27                             5312     5312       16         0
                text26                              D4E      D4E      B06         0
                text25                             36B6     36B6      39E         0
                text24                             4372     4372      1C6         0
                text23                             50D2     50D2       52         0
                text22                             526C     526C       34         0
                text21                             4E32     4E32       B0         0
                text20                             51BA     51BA       44         0
                text19                             4FFE     4FFE       78         0
                text18                             52A0     52A0       2C         0
                text17                             32F6     32F6      3C0         0
                text16                             51FE     51FE       38         0
                text15                             29A8     29A8      4A8         0
                text14                             5172     5172       48         0
                text13                             2E50     2E50      4A6         0
                text12                             4A9A     4A9A      118         0
                text11                             4538     4538      190         0
                text10                             4BB2     4BB2      10C         0
                text9                              41A4     41A4      1CE         0
                text8                              4D7C     4D7C       B6         0
                text7                              4976     4976      124         0
                text6                              4852     4852      124         0
                text5                              3D0A     3D0A      29A         0
                text4                              46C8     46C8      18A         0
                text3                              3FA4     3FA4      200         0
                text2                              24EC     24EC      4BC         0
                text1                              5124     5124       4E         0
                text0                              3A54     3A54      2B6         0
                cinit                              5076     5076       5C         0
                idataBANK0                         5350     5350        2         0
                idataCOMRAM                        5352     5352        1         0

        CLASS   CONST          

        CLASS   SMALLCONST     
                smallconst                          D00      D00       4E         0

        CLASS   MEDIUMCONST    

        CLASS   COMRAM         
                temp                                 42       42        1         1
                cstackCOMRAM                          1        1       22         1
                dataCOMRAM                           41       41        1         1
                bssCOMRAM                            23       23       1C         1
                bitbssCOMRAM                        1F8       3F        A         1

        CLASS   ABS1           

        CLASS   BIGRAM         

        CLASS   RAM            

        CLASS   BANK0          
                cstackBANK0                          60       60       7B         1
                dataBANK0                            FD       FD        2         1
                bssBANK0                             DB       DB       22         1

        CLASS   BANK1          
                cstackBANK1                         127      127       18         1
                bssBANK1                            100      100       27         1

        CLASS   BANK2          

        CLASS   BANK3          

        CLASS   BANK4          

        CLASS   BANK5          

        CLASS   BANK6          

        CLASS   BANK7          

        CLASS   BANK8          

        CLASS   BANK9          

        CLASS   BANK10         

        CLASS   BANK11         

        CLASS   BANK12         

        CLASS   SFR            

        CLASS   FARRAM         

        CLASS   CONFIG         
                config                           300000   300000        E         0

        CLASS   IDLOC          

        CLASS   EEDATA         



SEGMENTS        Name                           Load    Length   Top    Selector   Space  Class

                reset_vec                      000000  000004  000004         0       0  CODE    
                cstackCOMRAM                   000001  000042  000043         1       1  COMRAM  
                intcodelo                      000018  000166  00017E         C       0  CODE    
                cstackBANK0                    000060  00009F  0000FF        60       1  BANK0   
                bssBANK1                       000100  00003F  00013F       100       1  BANK1   
                smallconst                     000D00  00004E  000D4E       680       0  SMALLCON
                text26                         000D4E  004605  005353       6A7       0  CODE    
                config                         300000  00000E  30000E    300000       0  CONFIG  


UNUSED ADDRESS RANGES

        Name                Unused          Largest block    Delta
        BANK0            0000FF-0000FF                1
        BANK1            00013F-0001FF               C1
        BANK10           000A00-000AFF              100
        BANK11           000B00-000BFF              100
        BANK12           000C00-000CFF              100
        BANK2            000200-0002FF              100
        BANK3            000300-0003FF              100
        BANK4            000400-0004FF              100
        BANK5            000500-0005FF              100
        BANK6            000600-0006FF              100
        BANK7            000700-0007FF              100
        BANK8            000800-0008FF              100
        BANK9            000900-0009FF              100
        BIGRAM           000043-00005F               1D
                         0000FF-0000FF                1
                         00013F-000CFF              BC1
        CODE             000004-000017               14
                         00017E-000CFF              B82
                         005353-017FFF            12CAD
        COMRAM           000043-00005F               1D
        CONST            000004-000017               14
                         00017E-000CFF              B82
                         005353-017FFF            12CAD
        EEDATA           F00000-F003FF              400
        IDLOC            200000-200007                8
        MEDIUMCONST      005353-00FFFF             ACAD
                         010D00-017FFF             7300
        RAM              0000FF-0000FF                1
                         00013F-000CFF              100
        SFR              000D00-000FFF              100
        SMALLCONST       005353-017FFF              100
        STACK            00013F-000CFF              BC1

                                  Symbol Table

?___awdiv                         cstackBANK0  000066
?___fladd                         cstackBANK0  00008E
?___fldiv                         cstackBANK0  000060
?___flmul                         cstackBANK0  000075
?___flneg                         cstackBANK0  000060
?___flsub                         cstackBANK0  0000A2
?___fltol                         cstackBANK0  0000A2
?___lwdiv                         cstackBANK0  000060
?___wmul                          cstackBANK0  000060
?___xxtofl                        cstackBANK0  000067
?_abs                             cstackBANK0  000060
?_eval_poly                       cstackBANK0  0000A2
?_exp                             cstackBANK0  0000BA
?_floor                           cstackBANK0  0000AC
?_frexp                           cstackBANK0  000060
?_ldexp                           cstackBANK0  0000B2
?_log                             cstackBANK0  0000B2
?_pow                             cstackBANK0  0000C5
CANInitialize@BRP                 cstackBANK0  000071
CANInitialize@FilterConfig1       cstackBANK0  000078
CANInitialize@FilterConfig2       cstackBANK0  000079
CANInitialize@SJW                 cstackBANK0  000070
CANInitialize@flags               cstackBANK0  000072
CANInitialize@phaseSeg1           cstackBANK0  00006E
CANInitialize@phaseSeg2           cstackBANK0  00006F
CANInitialize@propSeg             cstackBANK0  000077
CANOperationMode@mode             cstackBANK0  000060
CANSetFilter@filter               cstackBANK0  000060
CANSetFilter@numBuffer            cstackBANK0  000069
CANSetFilter@tamp                 cstackBANK0  00006A
CANSetFilter@type                 cstackBANK0  000064
CANSetMask@mask                   cstackBANK0  000060
CANSetMask@numBuffer              cstackBANK0  000069
CANSetMask@tamp                   cstackBANK0  00006A
CANSetMask@type                   cstackBANK0  000064
CANreceiveMessage@error           cstackCOMRAM 00000B
CANreceiveMessage@msg             cstackCOMRAM 000001
CANreceiveMessage@tamp            cstackCOMRAM 00000C
CANsendMessage@data               cstackBANK0  000064
CANsendMessage@dataLength         cstackBANK0  000066
CANsendMessage@flags              cstackBANK0  000067
CANsendMessage@identifier         cstackBANK0  000060
CANsendMessage@tamp               cstackBANK0  00006C
ISR_bassa@i                       cstackCOMRAM 000022
OpenEPWM1@period                  cstackBANK0  000060
OpenTimer2@config                 cstackBANK0  000060
SetDCEPWM1@DCycle                 cstackBANK0  000064
SetDCEPWM1@dutycycle              cstackBANK0  000060
SetOutputEPWM1@outputconfig       cstackBANK0  000061
SetOutputEPWM1@outputmode         cstackBANK0  000060
_ADCON0bits                       (abs)        000FC2
_ADCON1bits                       (abs)        000FC1
_ADCON2bits                       (abs)        000FC0
_ADRESH                           (abs)        000FC4
_BRGCON1                          (abs)        000F70
_BRGCON2                          (abs)        000F71
_BRGCON2bits                      (abs)        000F71
_BRGCON3                          (abs)        000F72
_BRGCON3bits                      (abs)        000F72
_CANCON                           (abs)        000F6F
_CANCONbits                       (abs)        000F6F
_CANInitialize                    text24       004372
_CANOperationMode                 text27       005312
_CANSTAT                          (abs)        000F6E
_CANSetFilter                     text26       000D4E
_CANSetMask                       text25       0036B6
_CANisRxReady                     text38       005328
_CANisRxReady$3007                cstackCOMRAM 000001
_CANisTxReady                     text33       0052CC
_CANisTxReady$3005                cstackBANK0  000060
_CANreceiveMessage                text37       001FE0
_CANsendMessage                   text32       001854
_COMSTATbits                      (abs)        000F74
_ECCP1CON                         (abs)        000FBA
_ECCPR1L                          (abs)        000FBB
_INTCONbits                       (abs)        000FF2
_IPR2bits                         (abs)        000FA2
_IPR3bits                         (abs)        000FA5
_ISR_bassa                        intcodelo    000018
_LATA                             (abs)        000F89
_LATB                             (abs)        000F8A
_LATC                             (abs)        000F8B
_LATD                             (abs)        000F8C
_LATE                             (abs)        000F8D
_OpenEPWM1                        text35       00533E
_OpenTimer2                       text34       0052F0
_PIE1bits                         (abs)        000F9D
_PIE2bits                         (abs)        000FA0
_PIE3bits                         (abs)        000FA3
_PIR1bits                         (abs)        000F9E
_PIR2bits                         (abs)        000FA1
_PIR3bits                         (abs)        000FA4
_PORTAbits                        (abs)        000F80
_PORTCbits                        (abs)        000F82
_PR2                              (abs)        000FCB
_RCONbits                         (abs)        000FD0
_RXB0CON                          (abs)        000F60
_RXB0CONbits                      (abs)        000F60
_RXB0D0                           (abs)        000F66
_RXB0D1                           (abs)        000F67
_RXB0D2                           (abs)        000F68
_RXB0D3                           (abs)        000F69
_RXB0D4                           (abs)        000F6A
_RXB0D5                           (abs)        000F6B
_RXB0D6                           (abs)        000F6C
_RXB0D7                           (abs)        000F6D
_RXB0DLC                          (abs)        000F65
_RXB0DLCbits                      (abs)        000F65
_RXB0EIDH                         (abs)        000F63
_RXB0EIDL                         (abs)        000F64
_RXB0SIDH                         (abs)        000F61
_RXB0SIDL                         (abs)        000F62
_RXB0SIDLbits                     (abs)        000F62
_RXB1CON                          (abs)        000F50
_RXB1CONbits                      (abs)        000F50
_RXB1D0                           (abs)        000F56
_RXB1D1                           (abs)        000F57
_RXB1D2                           (abs)        000F58
_RXB1D3                           (abs)        000F59
_RXB1D4                           (abs)        000F5A
_RXB1D5                           (abs)        000F5B
_RXB1D6                           (abs)        000F5C
_RXB1D7                           (abs)        000F5D
_RXB1DLC                          (abs)        000F55
_RXB1DLCbits                      (abs)        000F55
_RXB1EIDH                         (abs)        000F53
_RXB1EIDL                         (abs)        000F54
_RXB1SIDH                         (abs)        000F51
_RXB1SIDL                         (abs)        000F52
_RXB1SIDLbits                     (abs)        000F52
_RXERRCNT                         (abs)        000F75
_RXF0EIDH                         (abs)        000F02
_RXF0EIDL                         (abs)        000F03
_RXF0SIDH                         (abs)        000F00
_RXF0SIDL                         (abs)        000F01
_RXF0SIDLbits                     (abs)        000F01
_RXF1EIDH                         (abs)        000F06
_RXF1EIDL                         (abs)        000F07
_RXF1SIDH                         (abs)        000F04
_RXF1SIDL                         (abs)        000F05
_RXF1SIDLbits                     (abs)        000F05
_RXF2EIDH                         (abs)        000F0A
_RXF2EIDL                         (abs)        000F0B
_RXF2SIDH                         (abs)        000F08
_RXF2SIDL                         (abs)        000F09
_RXF2SIDLbits                     (abs)        000F09
_RXF3EIDH                         (abs)        000F0E
_RXF3EIDL                         (abs)        000F0F
_RXF3SIDH                         (abs)        000F0C
_RXF3SIDL                         (abs)        000F0D
_RXF3SIDLbits                     (abs)        000F0D
_RXF4EIDH                         (abs)        000F12
_RXF4EIDL                         (abs)        000F13
_RXF4SIDH                         (abs)        000F10
_RXF4SIDL                         (abs)        000F11
_RXF4SIDLbits                     (abs)        000F11
_RXF5EIDH                         (abs)        000F16
_RXF5EIDL                         (abs)        000F17
_RXF5SIDH                         (abs)        000F14
_RXF5SIDL                         (abs)        000F15
_RXF5SIDLbits                     (abs)        000F15
_RXM0EIDH                         (abs)        000F1A
_RXM0EIDL                         (abs)        000F1B
_RXM0SIDH                         (abs)        000F18
_RXM0SIDL                         (abs)        000F19
_RXM0SIDLbits                     (abs)        000F19
_RXM1EIDH                         (abs)        000F1E
_RXM1EIDL                         (abs)        000F1F
_RXM1SIDH                         (abs)        000F1C
_RXM1SIDL                         (abs)        000F1D
_RXM1SIDLbits                     (abs)        000F1D
_SetDCEPWM1                       text20       0051BA
_SetOutputEPWM1                   text23       0050D2
_T2CON                            (abs)        000FCA
_T2CONbits                        (abs)        000FCA
_T3CON                            (abs)        000FB1
_TMR2                             (abs)        000FCC
_TMR3H                            (abs)        000FB3
_TMR3L                            (abs)        000FB2
_TRISA                            (abs)        000F92
_TRISB                            (abs)        000F93
_TRISC                            (abs)        000F94
_TRISD                            (abs)        000F95
_TRISDbits                        (abs)        000F95
_TRISE                            (abs)        000F96
_TXB0CONbits                      (abs)        000F40
_TXB0D0                           (abs)        000F46
_TXB0D1                           (abs)        000F47
_TXB0D2                           (abs)        000F48
_TXB0D3                           (abs)        000F49
_TXB0D4                           (abs)        000F4A
_TXB0D5                           (abs)        000F4B
_TXB0D6                           (abs)        000F4C
_TXB0D7                           (abs)        000F4D
_TXB0DLC                          (abs)        000F45
_TXB0DLCbits                      (abs)        000F45
_TXB0EIDH                         (abs)        000F43
_TXB0EIDL                         (abs)        000F44
_TXB0SIDH                         (abs)        000F41
_TXB0SIDL                         (abs)        000F42
_TXB0SIDLbits                     (abs)        000F42
_TXB1CONbits                      (abs)        000F30
_TXB1D0                           (abs)        000F36
_TXB1D1                           (abs)        000F37
_TXB1D2                           (abs)        000F38
_TXB1D3                           (abs)        000F39
_TXB1D4                           (abs)        000F3A
_TXB1D5                           (abs)        000F3B
_TXB1D6                           (abs)        000F3C
_TXB1D7                           (abs)        000F3D
_TXB1DLC                          (abs)        000F35
_TXB1DLCbits                      (abs)        000F35
_TXB1EIDH                         (abs)        000F33
_TXB1EIDL                         (abs)        000F34
_TXB1SIDH                         (abs)        000F31
_TXB1SIDL                         (abs)        000F32
_TXB1SIDLbits                     (abs)        000F32
_TXB2CONbits                      (abs)        000F20
_TXB2D0                           (abs)        000F26
_TXB2D1                           (abs)        000F27
_TXB2D2                           (abs)        000F28
_TXB2D3                           (abs)        000F29
_TXB2D4                           (abs)        000F2A
_TXB2D5                           (abs)        000F2B
_TXB2D6                           (abs)        000F2C
_TXB2D7                           (abs)        000F2D
_TXB2DLC                          (abs)        000F25
_TXB2DLCbits                      (abs)        000F25
_TXB2EIDH                         (abs)        000F23
_TXB2EIDL                         (abs)        000F24
_TXB2SIDH                         (abs)        000F21
_TXB2SIDL                         (abs)        000F22
_TXB2SIDLbits                     (abs)        000F22
_TXERRCNT                         (abs)        000F76
__CFG_BBSIZ$1024                  (abs)        000000
__CFG_BOREN$BOHW                  (abs)        000000
__CFG_BORV$3                      (abs)        000000
__CFG_CP0$OFF                     (abs)        000000
__CFG_CP1$OFF                     (abs)        000000
__CFG_CP2$OFF                     (abs)        000000
__CFG_CP3$OFF                     (abs)        000000
__CFG_CP4$OFF                     (abs)        000000
__CFG_CP5$OFF                     (abs)        000000
__CFG_CPB$OFF                     (abs)        000000
__CFG_CPD$OFF                     (abs)        000000
__CFG_EBTR0$OFF                   (abs)        000000
__CFG_EBTR1$OFF                   (abs)        000000
__CFG_EBTR2$OFF                   (abs)        000000
__CFG_EBTR3$OFF                   (abs)        000000
__CFG_EBTR4$OFF                   (abs)        000000
__CFG_EBTR5$OFF                   (abs)        000000
__CFG_EBTRB$OFF                   (abs)        000000
__CFG_FCMEN$OFF                   (abs)        000000
__CFG_IESO$OFF                    (abs)        000000
__CFG_LPT1OSC$OFF                 (abs)        000000
__CFG_LVP$OFF                     (abs)        000000
__CFG_MCLRE$ON                    (abs)        000000
__CFG_OSC$HS                      (abs)        000000
__CFG_PBADEN$OFF                  (abs)        000000
__CFG_PWRT$OFF                    (abs)        000000
__CFG_STVREN$ON                   (abs)        000000
__CFG_WDT$OFF                     (abs)        000000
__CFG_WDTPS$32768                 (abs)        000000
__CFG_WRT0$OFF                    (abs)        000000
__CFG_WRT1$OFF                    (abs)        000000
__CFG_WRT2$OFF                    (abs)        000000
__CFG_WRT3$OFF                    (abs)        000000
__CFG_WRT4$OFF                    (abs)        000000
__CFG_WRT5$OFF                    (abs)        000000
__CFG_WRTB$OFF                    (abs)        000000
__CFG_WRTC$OFF                    (abs)        000000
__CFG_WRTD$OFF                    (abs)        000000
__CFG_XINST$OFF                   (abs)        000000
__HRAM                            (abs)        000000
__Habs1                           abs1         000000
__Hbank0                          bank0        000000
__Hbank1                          bank1        000000
__Hbank10                         bank10       000000
__Hbank11                         bank11       000000
__Hbank12                         bank12       000000
__Hbank2                          bank2        000000
__Hbank3                          bank3        000000
__Hbank4                          bank4        000000
__Hbank5                          bank5        000000
__Hbank6                          bank6        000000
__Hbank7                          bank7        000000
__Hbank8                          bank8        000000
__Hbank9                          bank9        000000
__Hbigbss                         bigbss       000000
__Hbigdata                        bigdata      000000
__Hbigram                         bigram       000000
__HbitbssCOMRAM                   bitbssCOMRAM 000000
__Hbss                            bss          000000
__HbssBANK0                       bssBANK0     000000
__HbssBANK1                       bssBANK1     000000
__HbssCOMRAM                      bssCOMRAM    000000
__Hcinit                          cinit        000000
__Hclrtext                        clrtext      000000
__Hcomram                         comram       000000
__Hconfig                         config       30000E
__Hconst                          const        000000
__HcstackBANK0                    cstackBANK0  000000
__HcstackBANK1                    cstackBANK1  000000
__HcstackCOMRAM                   cstackCOMRAM 000000
__Hdata                           data         000000
__HdataBANK0                      dataBANK0    000000
__HdataCOMRAM                     dataCOMRAM   000000
__Heeprom_data                    eeprom_data  000000
__Hend_init                       end_init     00017E
__Hfarbss                         farbss       000000
__Hfardata                        fardata      000000
__Hibigdata                       ibigdata     000000
__Hidata                          idata        000000
__HidataBANK0                     idataBANK0   000000
__HidataCOMRAM                    idataCOMRAM  000000
__Hidloc                          idloc        000000
__Hifardata                       ifardata     000000
__Hinit                           init         00017A
__Hintcode                        intcode      000004
__Hintcode_body                   intcode_body 000000
__Hintcodelo                      intcodelo    00017A
__Hintentry                       intentry     000000
__Hintret                         intret       000000
__Hintsave_regs                   intsave_regs 000000
__Hirdata                         irdata       000000
__Hmediumconst                    mediumconst  000000
__HnvFARRAM                       nvFARRAM     000000
__Hnvbit                          nvbit        000000
__Hnvrram                         nvrram       000000
__Hparam                          rparam       000000
__Hpowerup                        powerup      00017A
__Hram                            ram          000000
__Hramtop                         ramtop       000D00
__Hrbit                           rbit         000000
__Hrbss                           rbss         000000
__Hrdata                          rdata        000000
__Hreset_vec                      reset_vec    000004
__Hrparam                         rparam       000000
__Hsfr                            sfr          000000
__Hsmallconst                     smallconst   000D4E
__Hspace_0                        (abs)        30000E
__Hspace_1                        (abs)        000202
__Hspace_2                        (abs)        000000
__Hstack                          stack        000000
__Hstruct                         struct       000000
__Htemp                           temp         000043
__Htext                           text         000000
__Htext0                          text0        000000
__Htext1                          text1        000000
__Htext10                         text10       000000
__Htext11                         text11       000000
__Htext12                         text12       000000
__Htext13                         text13       000000
__Htext14                         text14       000000
__Htext15                         text15       000000
__Htext16                         text16       000000
__Htext17                         text17       000000
__Htext18                         text18       000000
__Htext19                         text19       000000
__Htext2                          text2        000000
__Htext20                         text20       000000
__Htext21                         text21       000000
__Htext22                         text22       000000
__Htext23                         text23       000000
__Htext24                         text24       000000
__Htext25                         text25       000000
__Htext26                         text26       000000
__Htext27                         text27       000000
__Htext28                         text28       000000
__Htext29                         text29       000000
__Htext3                          text3        000000
__Htext30                         text30       000000
__Htext31                         text31       000000
__Htext32                         text32       000000
__Htext33                         text33       000000
__Htext34                         text34       000000
__Htext35                         text35       000000
__Htext37                         text37       000000
__Htext38                         text38       000000
__Htext4                          text4        000000
__Htext5                          text5        000000
__Htext6                          text6        000000
__Htext7                          text7        000000
__Htext8                          text8        000000
__Htext9                          text9        000000
__LRAM                            (abs)        000001
__Labs1                           abs1         000000
__Lbank0                          bank0        000000
__Lbank1                          bank1        000000
__Lbank10                         bank10       000000
__Lbank11                         bank11       000000
__Lbank12                         bank12       000000
__Lbank2                          bank2        000000
__Lbank3                          bank3        000000
__Lbank4                          bank4        000000
__Lbank5                          bank5        000000
__Lbank6                          bank6        000000
__Lbank7                          bank7        000000
__Lbank8                          bank8        000000
__Lbank9                          bank9        000000
__Lbigbss                         bigbss       000000
__Lbigdata                        bigdata      000000
__Lbigram                         bigram       000000
__LbitbssCOMRAM                   bitbssCOMRAM 000000
__Lbss                            bss          000000
__LbssBANK0                       bssBANK0     000000
__LbssBANK1                       bssBANK1     000000
__LbssCOMRAM                      bssCOMRAM    000000
__Lcinit                          cinit        000000
__Lclrtext                        clrtext      000000
__Lcomram                         comram       000000
__Lconfig                         config       300000
__Lconst                          const        000000
__LcstackBANK0                    cstackBANK0  000000
__LcstackBANK1                    cstackBANK1  000000
__LcstackCOMRAM                   cstackCOMRAM 000000
__Ldata                           data         000000
__LdataBANK0                      dataBANK0    000000
__LdataCOMRAM                     dataCOMRAM   000000
__Leeprom_data                    eeprom_data  000000
__Lend_init                       end_init     00017A
__Lfarbss                         farbss       000000
__Lfardata                        fardata      000000
__Libigdata                       ibigdata     000000
__Lidata                          idata        000000
__LidataBANK0                     idataBANK0   000000
__LidataCOMRAM                    idataCOMRAM  000000
__Lidloc                          idloc        000000
__Lifardata                       ifardata     000000
__Linit                           init         00017A
__Lintcode                        intcode      000004
__Lintcode_body                   intcode_body 000000
__Lintcodelo                      intcodelo    000018
__Lintentry                       intentry     000000
__Lintret                         intret       000000
__Lintsave_regs                   intsave_regs 000000
__Lirdata                         irdata       000000
__Lmediumconst                    mediumconst  000000
__LnvFARRAM                       nvFARRAM     000000
__Lnvbit                          nvbit        000000
__Lnvrram                         nvrram       000000
__Lparam                          rparam       000000
__Lpowerup                        powerup      00017A
__Lram                            ram          000000
__Lramtop                         ramtop       000D00
__Lrbit                           rbit         000000
__Lrbss                           rbss         000000
__Lrdata                          rdata        000000
__Lreset_vec                      reset_vec    000000
__Lrparam                         rparam       000000
__Lsfr                            sfr          000000
__Lsmallconst                     smallconst   000D00
__Lspace_0                        (abs)        000000
__Lspace_1                        (abs)        000000
__Lspace_2                        (abs)        000000
__Lstack                          stack        000000
__Lstruct                         struct       000000
__Ltemp                           temp         000042
__Ltext                           text         000000
__Ltext0                          text0        000000
__Ltext1                          text1        000000
__Ltext10                         text10       000000
__Ltext11                         text11       000000
__Ltext12                         text12       000000
__Ltext13                         text13       000000
__Ltext14                         text14       000000
__Ltext15                         text15       000000
__Ltext16                         text16       000000
__Ltext17                         text17       000000
__Ltext18                         text18       000000
__Ltext19                         text19       000000
__Ltext2                          text2        000000
__Ltext20                         text20       000000
__Ltext21                         text21       000000
__Ltext22                         text22       000000
__Ltext23                         text23       000000
__Ltext24                         text24       000000
__Ltext25                         text25       000000
__Ltext26                         text26       000000
__Ltext27                         text27       000000
__Ltext28                         text28       000000
__Ltext29                         text29       000000
__Ltext3                          text3        000000
__Ltext30                         text30       000000
__Ltext31                         text31       000000
__Ltext32                         text32       000000
__Ltext33                         text33       000000
__Ltext34                         text34       000000
__Ltext35                         text35       000000
__Ltext37                         text37       000000
__Ltext38                         text38       000000
__Ltext4                          text4        000000
__Ltext5                          text5        000000
__Ltext6                          text6        000000
__Ltext7                          text7        000000
__Ltext8                          text8        000000
__Ltext9                          text9        000000
__S0                              (abs)        30000E
__S1                              (abs)        00013F
__S2                              (abs)        000000
___awdiv                          text31       004CBE
___awdiv@counter                  cstackBANK0  00006A
___awdiv@dividend                 cstackBANK0  000066
___awdiv@divisor                  cstackBANK0  000068
___awdiv@quotient                 cstackBANK0  00006C
___awdiv@sign                     cstackBANK0  00006B
___fladd                          text15       0029A8
___fladd@a                        cstackBANK0  000092
___fladd@aexp                     cstackBANK0  00009F
___fladd@b                        cstackBANK0  00008E
___fladd@bexp                     cstackBANK0  0000A0
___fladd@grs                      cstackBANK0  0000A1
___fladd@signs                    cstackBANK0  00009E
___fldiv                          text17       0032F6
___fldiv@a                        cstackBANK0  000064
___fldiv@aexp                     cstackBANK0  000078
___fldiv@b                        cstackBANK0  000060
___fldiv@bexp                     cstackBANK0  000077
___fldiv@grs                      cstackBANK0  000073
___fldiv@new_exp                  cstackBANK0  000071
___fldiv@rem                      cstackBANK0  00006D
___fldiv@sign                     cstackBANK0  00006C
___flge                           text11       004538
___flge@ff1                       cstackBANK0  000060
___flge@ff2                       cstackBANK0  000064
___flmul                          text13       002E50
___flmul@a                        cstackBANK0  000079
___flmul@aexp                     cstackBANK0  000082
___flmul@b                        cstackBANK0  000075
___flmul@bexp                     cstackBANK0  000087
___flmul@grs                      cstackBANK0  000083
___flmul@prod                     cstackBANK0  000088
___flmul@sign                     cstackBANK0  000081
___flmul@temp                     cstackBANK0  00008C
___flneg                          text16       0051FE
___flneg@f1                       cstackBANK0  000060
___flsub                          text14       005172
___flsub@a                        cstackBANK0  0000A6
___flsub@b                        cstackBANK0  0000A2
___fltol                          text10       004BB2
___fltol@exp1                     cstackBANK0  0000AB
___fltol@f1                       cstackBANK0  0000A2
___fltol@sign1                    cstackBANK0  0000AA
___inthi_sp                       stack        000000
___intlo_sp                       stack        000000
___lwdiv                          text19       004FFE
___lwdiv@counter                  cstackBANK0  000064
___lwdiv@dividend                 cstackBANK0  000060
___lwdiv@divisor                  cstackBANK0  000062
___lwdiv@quotient                 cstackBANK0  000065
___param_bank                     (abs)        000010
___rparam_used                    (abs)        000001
___sp                             stack        000000
___wmul                           text30       005236
___wmul@multiplicand              cstackBANK0  000062
___wmul@multiplier                cstackBANK0  000060
___wmul@product                   cstackBANK0  000064
___xxtofl                         text9        0041A4
___xxtofl@arg                     cstackBANK0  000071
___xxtofl@exp                     cstackBANK0  000070
___xxtofl@sign                    cstackBANK0  00006F
___xxtofl@val                     cstackBANK0  000067
__accesstop                       (abs)        000060
__activetblptr                    (abs)        000003
__end_of_CANInitialize            text24       004538
__end_of_CANOperationMode         text27       005328
__end_of_CANSetFilter             text26       001854
__end_of_CANSetMask               text25       003A54
__end_of_CANisRxReady             text38       00533E
__end_of_CANisTxReady             text33       0052F0
__end_of_CANreceiveMessage        text37       0024EC
__end_of_CANsendMessage           text32       001FE0
__end_of_ISR_bassa                intcodelo    00017A
__end_of_OpenEPWM1                text35       005350
__end_of_OpenTimer2               text34       005312
__end_of_SetDCEPWM1               text20       0051FE
__end_of_SetOutputEPWM1           text23       005124
__end_of___awdiv                  text31       004D7C
__end_of___fladd                  text15       002E50
__end_of___fldiv                  text17       0036B6
__end_of___flge                   text11       0046C8
__end_of___flmul                  text13       0032F6
__end_of___flneg                  text16       005236
__end_of___flsub                  text14       0051BA
__end_of___fltol                  text10       004CBE
__end_of___lwdiv                  text19       005076
__end_of___wmul                   text30       00526C
__end_of___xxtofl                 text9        004372
__end_of__initialization          cinit        0050C8
__end_of_abs                      text18       0052CC
__end_of_battery_measure          text29       004FFE
__end_of_can_interpreter          text28       004F70
__end_of_configurazione_iniziale  text21       004EE2
__end_of_delay_ms                 text22       0052A0
__end_of_eval_poly                text12       004BB2
__end_of_exp                      text5        003FA4
__end_of_floor                    text7        004A9A
__end_of_frexp                    text8        004E32
__end_of_ldexp                    text6        004976
__end_of_log                      text4        004852
__end_of_main                     text0        003D0A
__end_of_pow                      text3        0041A4
__end_of_rampe                    text2        0029A8
__end_of_send_data                text1        005172
__end_ofexp@coeff                 smallconst   000D29
__end_oflog@coeff                 smallconst   000D4D
__initialization                  cinit        005076
__mediumconst                     mediumconst  000000
__pbitbssCOMRAM                   bitbssCOMRAM 0001F8
__pbssBANK0                       bssBANK0     0000DB
__pbssBANK1                       bssBANK1     000100
__pbssCOMRAM                      bssCOMRAM    000023
__pcinit                          cinit        005076
__pcstackBANK0                    cstackBANK0  000060
__pcstackBANK1                    cstackBANK1  000127
__pcstackCOMRAM                   cstackCOMRAM 000001
__pdataBANK0                      dataBANK0    0000FD
__pdataCOMRAM                     dataCOMRAM   000041
__pidataBANK0                     idataBANK0   005350
__pidataCOMRAM                    idataCOMRAM  005352
__pintcodelo                      intcodelo    000018
__psmallconst                     smallconst   000D00
__ptext0                          text0        003A54
__ptext1                          text1        005124
__ptext10                         text10       004BB2
__ptext11                         text11       004538
__ptext12                         text12       004A9A
__ptext13                         text13       002E50
__ptext14                         text14       005172
__ptext15                         text15       0029A8
__ptext16                         text16       0051FE
__ptext17                         text17       0032F6
__ptext18                         text18       0052A0
__ptext19                         text19       004FFE
__ptext2                          text2        0024EC
__ptext20                         text20       0051BA
__ptext21                         text21       004E32
__ptext22                         text22       00526C
__ptext23                         text23       0050D2
__ptext24                         text24       004372
__ptext25                         text25       0036B6
__ptext26                         text26       000D4E
__ptext27                         text27       005312
__ptext28                         text28       004EE2
__ptext29                         text29       004F70
__ptext3                          text3        003FA4
__ptext30                         text30       005236
__ptext31                         text31       004CBE
__ptext32                         text32       001854
__ptext33                         text33       0052CC
__ptext34                         text34       0052F0
__ptext35                         text35       00533E
__ptext37                         text37       001FE0
__ptext38                         text38       005328
__ptext4                          text4        0046C8
__ptext5                          text5        003D0A
__ptext6                          text6        004852
__ptext7                          text7        004976
__ptext8                          text8        004D7C
__ptext9                          text9        0041A4
__ramtop                          ramtop       000D00
__size_of_CANInitialize           (abs)        000000
__size_of_CANOperationMode        (abs)        000000
__size_of_CANSetFilter            (abs)        000000
__size_of_CANSetMask              (abs)        000000
__size_of_CANisRxReady            (abs)        000000
__size_of_CANisTxReady            (abs)        000000
__size_of_CANreceiveMessage       (abs)        000000
__size_of_CANsendMessage          (abs)        000000
__size_of_ISR_bassa               (abs)        000000
__size_of_OpenEPWM1               (abs)        000000
__size_of_OpenTimer2              (abs)        000000
__size_of_SetDCEPWM1              (abs)        000000
__size_of_SetOutputEPWM1          (abs)        000000
__size_of___awdiv                 (abs)        000000
__size_of___fladd                 (abs)        000000
__size_of___fldiv                 (abs)        000000
__size_of___flge                  (abs)        000000
__size_of___flmul                 (abs)        000000
__size_of___flneg                 (abs)        000000
__size_of___flsub                 (abs)        000000
__size_of___fltol                 (abs)        000000
__size_of___lwdiv                 (abs)        000000
__size_of___wmul                  (abs)        000000
__size_of___xxtofl                (abs)        000000
__size_of_abs                     (abs)        000000
__size_of_battery_measure         (abs)        000000
__size_of_can_interpreter         (abs)        000000
__size_of_configurazione_iniziale (abs)        000000
__size_of_delay_ms                (abs)        000000
__size_of_eval_poly               (abs)        000000
__size_of_exp                     (abs)        000000
__size_of_floor                   (abs)        000000
__size_of_frexp                   (abs)        000000
__size_of_ldexp                   (abs)        000000
__size_of_log                     (abs)        000000
__size_of_main                    (abs)        000000
__size_of_pow                     (abs)        000000
__size_of_rampe                   (abs)        000000
__size_of_send_data               (abs)        000000
__smallconst                      smallconst   000D00
_abs                              text18       0052A0
_battery_measure                  text29       004F70
_can_interpreter                  text28       004EE2
_can_retry                        bitbssCOMRAM 0001F8
_centralina_abs                   bitbssCOMRAM 0001F9
_centralina_comando               bitbssCOMRAM 0001FA
_centralina_sterzo                bitbssCOMRAM 0001FB
_clock_counter_reference          bssCOMRAM    00002F
_configurazione_iniziale          text21       004E32
_correzione                       bssBANK0     0000DB
_counter_array                    bssBANK1     000100
_current                          bssCOMRAM    000035
_currentSpeed                     bssBANK0     0000DF
_currentSpeed_array               bssBANK1     000108
_data_array                       bssCOMRAM    000037
_data_array_debug                 bssBANK1     00011F
_delay_ms                         text22       00526C
_delay_quartz_frequency_value     dataCOMRAM   000041
_dir                              dataBANK0    0000FD
_duty_cycle                       bssCOMRAM    000031
_duty_set                         bssBANK0     0000E3
_errno                            bssBANK0     0000F3
_errore                           bssBANK0     0000F5
_eval_poly                        text12       004A9A
_exp                              text5        003D0A
_exp$4057                         cstackBANK0  0000BE
_floor                            text7        004976
_frexp                            text8        004D7C
_id                               bssCOMRAM    000023
_ldexp                            text6        004852
_left_speed                       bssBANK0     0000F7
_log                              text4        0046C8
_main                             text0        003A54
_message_sent                     bitbssCOMRAM 0001FC
_msg                              bssBANK1     000110
_new_message                      bitbssCOMRAM 0001FD
_pow                              text3        003FA4
_pow$4055                         cstackBANK0  0000CD
_pow$4056                         cstackBANK0  0000D1
_previousPwm                      bssBANK0     0000F9
_previousTimeCounter              bssBANK0     0000E7
_previousTimeCounter1             bssBANK0     0000EB
_previousTimeCounter2             bssCOMRAM    000027
_rampe                            text2        0024EC
_rampe$4053                       cstackBANK1  00012F
_rampe$4054                       cstackBANK1  000133
_remote_frame                     bitbssCOMRAM 0001FE
_remote_frame1                    bitbssCOMRAM 0001FF
_requestSpeed                     bssCOMRAM    00002B
_request_sent                     bitbssCOMRAM 000200
_right_speed                      bssBANK0     0000FB
_scrittura                        bssCOMRAM    000036
_send_data                        text1        005124
_speed_fetched                    bitbssCOMRAM 000201
_timeCounter                      bssBANK0     0000EF
_vBatt                            bssCOMRAM    000033
abs@a                             cstackBANK0  000060
btemp                             temp         000042
delay_ms@value_ms                 cstackBANK0  000066
end_of_initialization             cinit        0050C8
eval_poly@d                       cstackBANK0  0000A6
eval_poly@n                       cstackBANK0  0000A8
eval_poly@res                     cstackBANK0  0000AE
eval_poly@x                       cstackBANK0  0000A2
exp@coeff                         smallconst   000D01
exp@exponent                      cstackBANK0  0000C2
exp@sign                          cstackBANK0  0000C4
exp@x                             cstackBANK0  0000BA
floor@expon                       cstackBANK0  0000B4
floor@i                           cstackBANK0  0000B0
floor@x                           cstackBANK0  0000AC
frexp@eptr                        cstackBANK0  000064
frexp@value                       cstackBANK0  000060
int$flags                         temp         000042
intlevel0                         text         000000
intlevel1                         text         000000
intlevel2                         text         000000
intlevel3                         text         000000
ldexp@newexp                      cstackBANK0  0000B6
ldexp@value                       cstackBANK0  0000B2
log@coeff                         smallconst   000D29
log@exponent                      cstackBANK0  0000B6
log@x                             cstackBANK0  0000B2
main@period                       cstackBANK0  0000DA
pow@sign                          cstackBANK0  0000D5
pow@x                             cstackBANK0  0000C5
pow@y                             cstackBANK0  0000C9
pow@yi                            cstackBANK0  0000D6
stackhi                           (abs)        000CFF
stacklo                           (abs)        00013F
start                             init         00017A
start_initialization              cinit        005076


FUNCTION INFORMATION:

 *************** function _main *****************
 Defined at:
		line 124 in file "motore.c"
 Parameters:    Size  Location     Type
		None
 Auto vars:     Size  Location     Type
  period          1  122[BANK0 ] unsigned char 
 Return value:  Size  Location     Type
                  2  667[None  ] int 
 Registers used:
		wreg, fsr2l, fsr2h, status,2, status,0, tblptrl, tblptrh, tblptru, prodl, prodh, cstack
 Tracked objects:
		On entry : 
		On exit  : 
		Unchanged: 
 Data sizes:     COMRAM   BANK0   BANK1   BANK2   BANK3   BANK4   BANK5   BANK6   BANK7   BANK8   BANK9  BANK10  BANK11  BANK12
      Params:         0       0       0       0       0       0       0       0       0       0       0       0       0       0
      Locals:         0       1       0       0       0       0       0       0       0       0       0       0       0       0
      Temps:          0       0       8       0       0       0       0       0       0       0       0       0       0       0
      Totals:         0       1       8       0       0       0       0       0       0       0       0       0       0       0
Total ram usage:        9 bytes
 Hardware stack levels required when called:    7
 This function calls:
		_CANisTxReady
		_CANsendMessage
		_OpenEPWM1
		_OpenTimer2
		_SetDCEPWM1
		_SetOutputEPWM1
		_battery_measure
		_can_interpreter
		_configurazione_iniziale
		_delay_ms
		_rampe
		_send_data
 This function is called by:
		Startup code after reset
 This function uses a non-reentrant model


 *************** function _send_data *****************
 Defined at:
		line 232 in file "motore.c"
 Parameters:    Size  Location     Type
		None
 Auto vars:     Size  Location     Type
		None
 Return value:  Size  Location     Type
		None               void
 Registers used:
		wreg, fsr2l, fsr2h, status,2, status,0, cstack
 Tracked objects:
		On entry : 
		On exit  : 
		Unchanged: 
 Data sizes:     COMRAM   BANK0   BANK1   BANK2   BANK3   BANK4   BANK5   BANK6   BANK7   BANK8   BANK9  BANK10  BANK11  BANK12
      Params:         0       0       0       0       0       0       0       0       0       0       0       0       0       0
      Locals:         0       0       0       0       0       0       0       0       0       0       0       0       0       0
      Temps:          0       0       0       0       0       0       0       0       0       0       0       0       0       0
      Totals:         0       0       0       0       0       0       0       0       0       0       0       0       0       0
Total ram usage:        0 bytes
 Hardware stack levels used:    1
 Hardware stack levels required when called:    3
 This function calls:
		_CANisTxReady
		_CANsendMessage
 This function is called by:
		_main
 This function uses a non-reentrant model


 *************** function _rampe *****************
 Defined at:
		line 183 in file "motore.c"
 Parameters:    Size  Location     Type
		None
 Auto vars:     Size  Location     Type
		None
 Return value:  Size  Location     Type
		None               void
 Registers used:
		wreg, fsr2l, fsr2h, status,2, status,0, tblptrl, tblptrh, tblptru, prodl, prodh, cstack
 Tracked objects:
		On entry : 
		On exit  : 
		Unchanged: 
 Data sizes:     COMRAM   BANK0   BANK1   BANK2   BANK3   BANK4   BANK5   BANK6   BANK7   BANK8   BANK9  BANK10  BANK11  BANK12
      Params:         0       0       0       0       0       0       0       0       0       0       0       0       0       0
      Locals:         0       0       8       0       0       0       0       0       0       0       0       0       0       0
      Temps:          0       0       8       0       0       0       0       0       0       0       0       0       0       0
      Totals:         0       0      16       0       0       0       0       0       0       0       0       0       0       0
Total ram usage:       16 bytes
 Hardware stack levels used:    1
 Hardware stack levels required when called:    6
 This function calls:
		_CANisTxReady
		_CANsendMessage
		_SetDCEPWM1
		_SetOutputEPWM1
		___fladd
		___fltol
		___lwdiv
		___xxtofl
		_abs
		_pow
 This function is called by:
		_main
 This function uses a non-reentrant model


 *************** function _pow *****************
 Defined at:
		line 5 in file "C:\Program Files (x86)\Microchip\xc8\v1.35\sources\common\pow.c"
 Parameters:    Size  Location     Type
  x               4  101[BANK0 ] int 
  y               4  105[BANK0 ] int 
 Auto vars:     Size  Location     Type
  yi              4  118[BANK0 ] unsigned long 
  sign            1  117[BANK0 ] unsigned char 
 Return value:  Size  Location     Type
                  4  101[BANK0 ] unsigned char 
 Registers used:
		wreg, fsr2l, fsr2h, status,2, status,0, tblptrl, tblptrh, tblptru, prodl, prodh, cstack
 Tracked objects:
		On entry : 
		On exit  : 
		Unchanged: 
 Data sizes:     COMRAM   BANK0   BANK1   BANK2   BANK3   BANK4   BANK5   BANK6   BANK7   BANK8   BANK9  BANK10  BANK11  BANK12
      Params:         0       8       0       0       0       0       0       0       0       0       0       0       0       0
      Locals:         0      13       0       0       0       0       0       0       0       0       0       0       0       0
      Temps:          0       0       0       0       0       0       0       0       0       0       0       0       0       0
      Totals:         0      21       0       0       0       0       0       0       0       0       0       0       0       0
Total ram usage:       21 bytes
 Hardware stack levels used:    1
 Hardware stack levels required when called:    5
 This function calls:
		___flge
		___flmul
		___flneg
		___fltol
		___xxtofl
		_exp
		_log
 This function is called by:
		_rampe
 This function uses a non-reentrant model


 *************** function _log *****************
 Defined at:
		line 5 in file "C:\Program Files (x86)\Microchip\xc8\v1.35\sources\common\log.c"
 Parameters:    Size  Location     Type
  x               4   82[BANK0 ] unsigned char 
 Auto vars:     Size  Location     Type
  exponent        2   86[BANK0 ] int 
 Return value:  Size  Location     Type
                  4   82[BANK0 ] int 
 Registers used:
		wreg, fsr2l, fsr2h, status,2, status,0, tblptrl, tblptrh, tblptru, prodl, prodh, cstack
 Tracked objects:
		On entry : 
		On exit  : 
		Unchanged: 
 Data sizes:     COMRAM   BANK0   BANK1   BANK2   BANK3   BANK4   BANK5   BANK6   BANK7   BANK8   BANK9  BANK10  BANK11  BANK12
      Params:         0       4       0       0       0       0       0       0       0       0       0       0       0       0
      Locals:         0       2       0       0       0       0       0       0       0       0       0       0       0       0
      Temps:          0       0       0       0       0       0       0       0       0       0       0       0       0       0
      Totals:         0       6       0       0       0       0       0       0       0       0       0       0       0       0
Total ram usage:        6 bytes
 Hardware stack levels used:    1
 Hardware stack levels required when called:    4
 This function calls:
		___fladd
		___flmul
		___xxtofl
		_eval_poly
		_frexp
 This function is called by:
		_pow
 This function uses a non-reentrant model


 *************** function _exp *****************
 Defined at:
		line 12 in file "C:\Program Files (x86)\Microchip\xc8\v1.35\sources\common\exp.c"
 Parameters:    Size  Location     Type
  x               4   90[BANK0 ] int 
 Auto vars:     Size  Location     Type
  exponent        2   98[BANK0 ] int 
  sign            1  100[BANK0 ] unsigned char 
 Return value:  Size  Location     Type
                  4   90[BANK0 ] unsigned char 
 Registers used:
		wreg, fsr2l, fsr2h, status,2, status,0, tblptrl, tblptrh, tblptru, prodl, prodh, cstack
 Tracked objects:
		On entry : 
		On exit  : 
		Unchanged: 
 Data sizes:     COMRAM   BANK0   BANK1   BANK2   BANK3   BANK4   BANK5   BANK6   BANK7   BANK8   BANK9  BANK10  BANK11  BANK12
      Params:         0       4       0       0       0       0       0       0       0       0       0       0       0       0
      Locals:         0       7       0       0       0       0       0       0       0       0       0       0       0       0
      Temps:          0       0       0       0       0       0       0       0       0       0       0       0       0       0
      Totals:         0      11       0       0       0       0       0       0       0       0       0       0       0       0
Total ram usage:       11 bytes
 Hardware stack levels used:    1
 Hardware stack levels required when called:    4
 This function calls:
		___fldiv
		___flge
		___flmul
		___flneg
		___flsub
		___fltol
		___xxtofl
		_eval_poly
		_floor
		_ldexp
 This function is called by:
		_pow
 This function uses a non-reentrant model


 *************** function _ldexp *****************
 Defined at:
		line 277 in file "C:\Program Files (x86)\Microchip\xc8\v1.35\sources\common\frexp.c"
 Parameters:    Size  Location     Type
  value           4   82[BANK0 ] unsigned char 
  newexp          2   86[BANK0 ] int 
 Auto vars:     Size  Location     Type
		None
 Return value:  Size  Location     Type
                  4   82[BANK0 ] int 
 Registers used:
		wreg, status,2, status,0
 Tracked objects:
		On entry : 
		On exit  : 
		Unchanged: 
 Data sizes:     COMRAM   BANK0   BANK1   BANK2   BANK3   BANK4   BANK5   BANK6   BANK7   BANK8   BANK9  BANK10  BANK11  BANK12
      Params:         0       6       0       0       0       0       0       0       0       0       0       0       0       0
      Locals:         0       0       0       0       0       0       0       0       0       0       0       0       0       0
      Temps:          0       2       0       0       0       0       0       0       0       0       0       0       0       0
      Totals:         0       8       0       0       0       0       0       0       0       0       0       0       0       0
Total ram usage:        8 bytes
 Hardware stack levels used:    1
 Hardware stack levels required when called:    2
 This function calls:
		Nothing
 This function is called by:
		_exp
 This function uses a non-reentrant model


 *************** function _floor *****************
 Defined at:
		line 13 in file "C:\Program Files (x86)\Microchip\xc8\v1.35\sources\common\floor.c"
 Parameters:    Size  Location     Type
  x               4   76[BANK0 ] int 
 Auto vars:     Size  Location     Type
  i               4   80[BANK0 ] int 
  expon           2   84[BANK0 ] int 
 Return value:  Size  Location     Type
                  4   76[BANK0 ] int 
 Registers used:
		wreg, fsr2l, fsr2h, status,2, status,0, cstack
 Tracked objects:
		On entry : 
		On exit  : 
		Unchanged: 
 Data sizes:     COMRAM   BANK0   BANK1   BANK2   BANK3   BANK4   BANK5   BANK6   BANK7   BANK8   BANK9  BANK10  BANK11  BANK12
      Params:         0       4       0       0       0       0       0       0       0       0       0       0       0       0
      Locals:         0       6       0       0       0       0       0       0       0       0       0       0       0       0
      Temps:          0       0       0       0       0       0       0       0       0       0       0       0       0       0
      Totals:         0      10       0       0       0       0       0       0       0       0       0       0       0       0
Total ram usage:       10 bytes
 Hardware stack levels used:    1
 Hardware stack levels required when called:    3
 This function calls:
		___fladd
		___flge
		___fltol
		___xxtofl
		_frexp
 This function is called by:
		_exp
 This function uses a non-reentrant model


 *************** function _frexp *****************
 Defined at:
		line 254 in file "C:\Program Files (x86)\Microchip\xc8\v1.35\sources\common\frexp.c"
 Parameters:    Size  Location     Type
  value           4    0[BANK0 ] int 
  eptr            2    4[BANK0 ] PTR int 
		 -> log@exponent(2), floor@expon(2), 
 Auto vars:     Size  Location     Type
		None
 Return value:  Size  Location     Type
                  4    0[BANK0 ] PTR int 
 Registers used:
		wreg, fsr2l, fsr2h, status,2, status,0
 Tracked objects:
		On entry : 
		On exit  : 
		Unchanged: 
 Data sizes:     COMRAM   BANK0   BANK1   BANK2   BANK3   BANK4   BANK5   BANK6   BANK7   BANK8   BANK9  BANK10  BANK11  BANK12
      Params:         0       6       0       0       0       0       0       0       0       0       0       0       0       0
      Locals:         0       0       0       0       0       0       0       0       0       0       0       0       0       0
      Temps:          0       2       0       0       0       0       0       0       0       0       0       0       0       0
      Totals:         0       8       0       0       0       0       0       0       0       0       0       0       0       0
Total ram usage:        8 bytes
 Hardware stack levels used:    1
 Hardware stack levels required when called:    2
 This function calls:
		Nothing
 This function is called by:
		_floor
		_log
 This function uses a non-reentrant model


 *************** function ___xxtofl *****************
 Defined at:
		line 10 in file "C:\Program Files (x86)\Microchip\xc8\v1.35\sources\common\xxtofl.c"
 Parameters:    Size  Location     Type
  sign            1    wreg     unsigned char 
  val             4    7[BANK0 ] long 
 Auto vars:     Size  Location     Type
  sign            1   15[BANK0 ] unsigned char 
  arg             4   17[BANK0 ] unsigned long 
  exp             1   16[BANK0 ] unsigned char 
 Return value:  Size  Location     Type
                  4    7[BANK0 ] unsigned char 
 Registers used:
		wreg, status,2, status,0
 Tracked objects:
		On entry : 
		On exit  : 
		Unchanged: 
 Data sizes:     COMRAM   BANK0   BANK1   BANK2   BANK3   BANK4   BANK5   BANK6   BANK7   BANK8   BANK9  BANK10  BANK11  BANK12
      Params:         0       4       0       0       0       0       0       0       0       0       0       0       0       0
      Locals:         0       6       0       0       0       0       0       0       0       0       0       0       0       0
      Temps:          0       4       0       0       0       0       0       0       0       0       0       0       0       0
      Totals:         0      14       0       0       0       0       0       0       0       0       0       0       0       0
Total ram usage:       14 bytes
 Hardware stack levels used:    1
 Hardware stack levels required when called:    2
 This function calls:
		Nothing
 This function is called by:
		_rampe
		_pow
		_exp
		_floor
		_log
 This function uses a non-reentrant model


 *************** function ___fltol *****************
 Defined at:
		line 43 in file "C:\Program Files (x86)\Microchip\xc8\v1.35\sources\common\fltol.c"
 Parameters:    Size  Location     Type
  f1              4   66[BANK0 ] unsigned char 
 Auto vars:     Size  Location     Type
  exp1            1   75[BANK0 ] unsigned char 
  sign1           1   74[BANK0 ] unsigned char 
 Return value:  Size  Location     Type
                  4   66[BANK0 ] long 
 Registers used:
		wreg, status,2, status,0
 Tracked objects:
		On entry : 
		On exit  : 
		Unchanged: 
 Data sizes:     COMRAM   BANK0   BANK1   BANK2   BANK3   BANK4   BANK5   BANK6   BANK7   BANK8   BANK9  BANK10  BANK11  BANK12
      Params:         0       4       0       0       0       0       0       0       0       0       0       0       0       0
      Locals:         0       2       0       0       0       0       0       0       0       0       0       0       0       0
      Temps:          0       4       0       0       0       0       0       0       0       0       0       0       0       0
      Totals:         0      10       0       0       0       0       0       0       0       0       0       0       0       0
Total ram usage:       10 bytes
 Hardware stack levels used:    1
 Hardware stack levels required when called:    2
 This function calls:
		Nothing
 This function is called by:
		_rampe
		_pow
		_exp
		_floor
 This function uses a non-reentrant model


 *************** function ___flge *****************
 Defined at:
		line 4 in file "C:\Program Files (x86)\Microchip\xc8\v1.35\sources\common\flge.c"
 Parameters:    Size  Location     Type
  ff1             4    0[BANK0 ] long 
  ff2             4    4[BANK0 ] long 
 Auto vars:     Size  Location     Type
		None
 Return value:  Size  Location     Type
		None               void
 Registers used:
		wreg, status,2, status,0
 Tracked objects:
		On entry : 
		On exit  : 
		Unchanged: 
 Data sizes:     COMRAM   BANK0   BANK1   BANK2   BANK3   BANK4   BANK5   BANK6   BANK7   BANK8   BANK9  BANK10  BANK11  BANK12
      Params:         0       8       0       0       0       0       0       0       0       0       0       0       0       0
      Locals:         0       0       0       0       0       0       0       0       0       0       0       0       0       0
      Temps:          0       4       0       0       0       0       0       0       0       0       0       0       0       0
      Totals:         0      12       0       0       0       0       0       0       0       0       0       0       0       0
Total ram usage:       12 bytes
 Hardware stack levels used:    1
 Hardware stack levels required when called:    2
 This function calls:
		Nothing
 This function is called by:
		_pow
		_exp
		_floor
 This function uses a non-reentrant model


 *************** function _eval_poly *****************
 Defined at:
		line 4 in file "C:\Program Files (x86)\Microchip\xc8\v1.35\sources\common\evalpoly.c"
 Parameters:    Size  Location     Type
  x               4   66[BANK0 ] long 
  d               2   70[BANK0 ] PTR const 
		 -> log@coeff(36), exp@coeff(40), 
  n               2   72[BANK0 ] int 
 Auto vars:     Size  Location     Type
  res             4   78[BANK0 ] int 
 Return value:  Size  Location     Type
                  4   66[BANK0 ] int 
 Registers used:
		wreg, status,2, status,0, tblptrl, tblptrh, tblptru, prodl, prodh, cstack
 Tracked objects:
		On entry : 
		On exit  : 
		Unchanged: 
 Data sizes:     COMRAM   BANK0   BANK1   BANK2   BANK3   BANK4   BANK5   BANK6   BANK7   BANK8   BANK9  BANK10  BANK11  BANK12
      Params:         0       8       0       0       0       0       0       0       0       0       0       0       0       0
      Locals:         0       4       0       0       0       0       0       0       0       0       0       0       0       0
      Temps:          0       4       0       0       0       0       0       0       0       0       0       0       0       0
      Totals:         0      16       0       0       0       0       0       0       0       0       0       0       0       0
Total ram usage:       16 bytes
 Hardware stack levels used:    1
 Hardware stack levels required when called:    3
 This function calls:
		___fladd
		___flmul
 This function is called by:
		_exp
		_log
 This function uses a non-reentrant model


 *************** function ___flmul *****************
 Defined at:
		line 8 in file "C:\Program Files (x86)\Microchip\xc8\v1.35\sources\common\sprcmul.c"
 Parameters:    Size  Location     Type
  b               4   21[BANK0 ] int 
  a               4   25[BANK0 ] int 
 Auto vars:     Size  Location     Type
  prod            4   40[BANK0 ] struct .
  grs             4   35[BANK0 ] unsigned long 
  temp            2   44[BANK0 ] struct .
  bexp            1   39[BANK0 ] unsigned char 
  aexp            1   34[BANK0 ] unsigned char 
  sign            1   33[BANK0 ] unsigned char 
 Return value:  Size  Location     Type
                  4   21[BANK0 ] unsigned char 
 Registers used:
		wreg, status,2, status,0, prodl, prodh
 Tracked objects:
		On entry : 
		On exit  : 
		Unchanged: 
 Data sizes:     COMRAM   BANK0   BANK1   BANK2   BANK3   BANK4   BANK5   BANK6   BANK7   BANK8   BANK9  BANK10  BANK11  BANK12
      Params:         0       8       0       0       0       0       0       0       0       0       0       0       0       0
[...]
		Nothing
 This function is called by:
		_main
 This function uses a non-reentrant model


 *************** function _battery_measure *****************
 Defined at:
		line 246 in file "motore.c"
 Parameters:    Size  Location     Type
		None
 Auto vars:     Size  Location     Type
		None
 Return value:  Size  Location     Type
		None               void
 Registers used:
		wreg, fsr2l, fsr2h, status,2, status,0, prodl, prodh, cstack
 Tracked objects:
		On entry : 
		On exit  : 
		Unchanged: 
 Data sizes:     COMRAM   BANK0   BANK1   BANK2   BANK3   BANK4   BANK5   BANK6   BANK7   BANK8   BANK9  BANK10  BANK11  BANK12
      Params:         0       0       0       0       0       0       0       0       0       0       0       0       0       0
      Locals:         0       0       0       0       0       0       0       0       0       0       0       0       0       0
      Temps:          0       0       0       0       0       0       0       0       0       0       0       0       0       0
      Totals:         0       0       0       0       0       0       0       0       0       0       0       0       0       0
Total ram usage:        0 bytes
 Hardware stack levels used:    1
 Hardware stack levels required when called:    3
 This function calls:
		_CANisTxReady
		_CANsendMessage
		___awdiv
		___wmul
 This function is called by:
		_main
 This function uses a non-reentrant model


 *************** function ___wmul *****************
 Defined at:
		line 15 in file "C:\Program Files (x86)\Microchip\xc8\v1.35\sources\common\Umul16.c"
 Parameters:    Size  Location     Type
  multiplier      2    0[BANK0 ] unsigned int 
  multiplicand    2    2[BANK0 ] unsigned int 
 Auto vars:     Size  Location     Type
  product         2    4[BANK0 ] unsigned int 
 Return value:  Size  Location     Type
                  2    0[BANK0 ] unsigned int 
 Registers used:
		wreg, status,2, status,0, prodl, prodh
 Tracked objects:
		On entry : 
		On exit  : 
		Unchanged: 
 Data sizes:     COMRAM   BANK0   BANK1   BANK2   BANK3   BANK4   BANK5   BANK6   BANK7   BANK8   BANK9  BANK10  BANK11  BANK12
      Params:         0       4       0       0       0       0       0       0       0       0       0       0       0       0
      Locals:         0       2       0       0       0       0       0       0       0       0       0       0       0       0
      Temps:          0       0       0       0       0       0       0       0       0       0       0       0       0       0
      Totals:         0       6       0       0       0       0       0       0       0       0       0       0       0       0
Total ram usage:        6 bytes
 Hardware stack levels used:    1
 Hardware stack levels required when called:    2
 This function calls:
		Nothing
 This function is called by:
		_delay_ms
		_battery_measure
 This function uses a non-reentrant model


 *************** function ___awdiv *****************
 Defined at:
		line 8 in file "C:\Program Files (x86)\Microchip\xc8\v1.35\sources\common\awdiv.c"
 Parameters:    Size  Location     Type
  dividend        2    6[BANK0 ] int 
  divisor         2    8[BANK0 ] int 
 Auto vars:     Size  Location     Type
  quotient        2   12[BANK0 ] int 
  sign            1   11[BANK0 ] unsigned char 
  counter         1   10[BANK0 ] unsigned char 
 Return value:  Size  Location     Type
                  2    6[BANK0 ] int 
 Registers used:
		wreg, status,2, status,0
 Tracked objects:
		On entry : 
		On exit  : 
		Unchanged: 
 Data sizes:     COMRAM   BANK0   BANK1   BANK2   BANK3   BANK4   BANK5   BANK6   BANK7   BANK8   BANK9  BANK10  BANK11  BANK12
      Params:         0       4       0       0       0       0       0       0       0       0       0       0       0       0
      Locals:         0       4       0       0       0       0       0       0       0       0       0       0       0       0
      Temps:          0       0       0       0       0       0       0       0       0       0       0       0       0       0
      Totals:         0       8       0       0       0       0       0       0       0       0       0       0       0       0
Total ram usage:        8 bytes
 Hardware stack levels used:    1
 Hardware stack levels required when called:    2
 This function calls:
		Nothing
 This function is called by:
		_battery_measure
 This function uses a non-reentrant model


 *************** function _CANsendMessage *****************
 Defined at:
		line 294 in file "CANlib.h"
 Parameters:    Size  Location     Type
  identifier      4    0[BANK0 ] unsigned long 
  data            2    4[BANK0 ] PTR unsigned char 
		 -> data_array_debug(8), data_array(8), 
  dataLength      1    6[BANK0 ] unsigned char 
  flags           1    7[BANK0 ] enum E16909
 Auto vars:     Size  Location     Type
  tamp            4   12[BANK0 ] unsigned long 
 Return value:  Size  Location     Type
		None               void
 Registers used:
		wreg, fsr2l, fsr2h, status,2, status,0
 Tracked objects:
		On entry : 
		On exit  : 
		Unchanged: 
 Data sizes:     COMRAM   BANK0   BANK1   BANK2   BANK3   BANK4   BANK5   BANK6   BANK7   BANK8   BANK9  BANK10  BANK11  BANK12
      Params:         0       8       0       0       0       0       0       0       0       0       0       0       0       0
      Locals:         0       4       0       0       0       0       0       0       0       0       0       0       0       0
      Temps:          0       4       0       0       0       0       0       0       0       0       0       0       0       0
      Totals:         0      16       0       0       0       0       0       0       0       0       0       0       0       0
Total ram usage:       16 bytes
 Hardware stack levels used:    1
 Hardware stack levels required when called:    2
 This function calls:
		Nothing
 This function is called by:
		_main
		_rampe
		_send_data
		_battery_measure
 This function uses a non-reentrant model


 *************** function _CANisTxReady *****************
 Defined at:
		line 1154 in file "CANlib.h"
 Parameters:    Size  Location     Type
		None
 Auto vars:     Size  Location     Type
		None
 Return value:  Size  Location     Type
                  1    wreg      unsigned char 
 Registers used:
		wreg, status,2
 Tracked objects:
		On entry : 
		On exit  : 
		Unchanged: 
 Data sizes:     COMRAM   BANK0   BANK1   BANK2   BANK3   BANK4   BANK5   BANK6   BANK7   BANK8   BANK9  BANK10  BANK11  BANK12
      Params:         0       0       0       0       0       0       0       0       0       0       0       0       0       0
      Locals:         0       1       0       0       0       0       0       0       0       0       0       0       0       0
      Temps:          0       0       0       0       0       0       0       0       0       0       0       0       0       0
      Totals:         0       1       0       0       0       0       0       0       0       0       0       0       0       0
Total ram usage:        1 bytes
 Hardware stack levels used:    1
 Hardware stack levels required when called:    2
 This function calls:
		Nothing
 This function is called by:
		_main
		_rampe
		_send_data
		_battery_measure
 This function uses a non-reentrant model


 *************** function _OpenTimer2 *****************
 Defined at:
		line 17 in file "C:\Program Files (x86)\Microchip\xc8\v1.35\sources\pic18\plib\Timers\t2open.c"
 Parameters:    Size  Location     Type
  config          1    wreg     unsigned char 
 Auto vars:     Size  Location     Type
  config          1    0[BANK0 ] unsigned char 
 Return value:  Size  Location     Type
		None               void
 Registers used:
		wreg, status,2, status,0
 Tracked objects:
		On entry : 
		On exit  : 
		Unchanged: 
 Data sizes:     COMRAM   BANK0   BANK1   BANK2   BANK3   BANK4   BANK5   BANK6   BANK7   BANK8   BANK9  BANK10  BANK11  BANK12
      Params:         0       0       0       0       0       0       0       0       0       0       0       0       0       0
      Locals:         0       1       0       0       0       0       0       0       0       0       0       0       0       0
      Temps:          0       0       0       0       0       0       0       0       0       0       0       0       0       0
      Totals:         0       1       0       0       0       0       0       0       0       0       0       0       0       0
Total ram usage:        1 bytes
 Hardware stack levels used:    1
 Hardware stack levels required when called:    2
 This function calls:
		Nothing
 This function is called by:
		_main
 This function uses a non-reentrant model


 *************** function _OpenEPWM1 *****************
 Defined at:
		line 15 in file "C:\Program Files (x86)\Microchip\xc8\v1.35\sources\pic18\plib\PWM\ew1open.c"
 Parameters:    Size  Location     Type
  period          1    wreg     unsigned char 
 Auto vars:     Size  Location     Type
  period          1    0[BANK0 ] unsigned char 
 Return value:  Size  Location     Type
		None               void
 Registers used:
		wreg, status,2
 Tracked objects:
		On entry : 
		On exit  : 
		Unchanged: 
 Data sizes:     COMRAM   BANK0   BANK1   BANK2   BANK3   BANK4   BANK5   BANK6   BANK7   BANK8   BANK9  BANK10  BANK11  BANK12
      Params:         0       0       0       0       0       0       0       0       0       0       0       0       0       0
      Locals:         0       1       0       0       0       0       0       0       0       0       0       0       0       0
      Temps:          0       0       0       0       0       0       0       0       0       0       0       0       0       0
      Totals:         0       1       0       0       0       0       0       0       0       0       0       0       0       0
Total ram usage:        1 bytes
 Hardware stack levels used:    1
 Hardware stack levels required when called:    2
 This function calls:
		Nothing
 This function is called by:
		_main
 This function uses a non-reentrant model


 *************** function _ISR_bassa *****************
 Defined at:
		line 93 in file "motore.c"
 Parameters:    Size  Location     Type
		None
 Auto vars:     Size  Location     Type
  i               1   33[COMRAM] unsigned char 
 Return value:  Size  Location     Type
		None               void
 Registers used:
		wreg, fsr1l, fsr1h, fsr2l, fsr2h, status,2, status,0, prodl, prodh, cstack
 Tracked objects:
		On entry : 
		On exit  : 
		Unchanged: 
 Data sizes:     COMRAM   BANK0   BANK1   BANK2   BANK3   BANK4   BANK5   BANK6   BANK7   BANK8   BANK9  BANK10  BANK11  BANK12
      Params:         0       0       0       0       0       0       0       0       0       0       0       0       0       0
      Locals:         1       0       0       0       0       0       0       0       0       0       0       0       0       0
      Temps:         21       0       0       0       0       0       0       0       0       0       0       0       0       0
      Totals:        22       0       0       0       0       0       0       0       0       0       0       0       0       0
Total ram usage:       22 bytes
 Hardware stack levels used:    1
 Hardware stack levels required when called:    1
 This function calls:
		_CANisRxReady
		_CANreceiveMessage
 This function is called by:
		Interrupt level 1
 This function uses a non-reentrant model


 *************** function _CANreceiveMessage *****************
 Defined at:
		line 528 in file "CANlib.h"
 Parameters:    Size  Location     Type
  msg             2    0[COMRAM] PTR struct .
		 -> msg(15), 
 Auto vars:     Size  Location     Type
  tamp            1   11[COMRAM] unsigned char 
  error           1   10[COMRAM] unsigned char 
 Return value:  Size  Location     Type
                  1    wreg      unsigned char 
 Registers used:
		wreg, fsr2l, fsr2h, status,2, status,0
 Tracked objects:
		On entry : 
		On exit  : 
		Unchanged: 
 Data sizes:     COMRAM   BANK0   BANK1   BANK2   BANK3   BANK4   BANK5   BANK6   BANK7   BANK8   BANK9  BANK10  BANK11  BANK12
      Params:         2       0       0       0       0       0       0       0       0       0       0       0       0       0
      Locals:         2       0       0       0       0       0       0       0       0       0       0       0       0       0
      Temps:          8       0       0       0       0       0       0       0       0       0       0       0       0       0
      Totals:        12       0       0       0       0       0       0       0       0       0       0       0       0       0
Total ram usage:       12 bytes
 Hardware stack levels used:    1
 This function calls:
		Nothing
 This function is called by:
		_ISR_bassa
 This function uses a non-reentrant model


 *************** function _CANisRxReady *****************
 Defined at:
		line 1163 in file "CANlib.h"
 Parameters:    Size  Location     Type
		None
 Auto vars:     Size  Location     Type
		None
 Return value:  Size  Location     Type
                  1    wreg      unsigned char 
 Registers used:
		wreg, status,2
 Tracked objects:
		On entry : 
		On exit  : 
		Unchanged: 
 Data sizes:     COMRAM   BANK0   BANK1   BANK2   BANK3   BANK4   BANK5   BANK6   BANK7   BANK8   BANK9  BANK10  BANK11  BANK12
      Params:         0       0       0       0       0       0       0       0       0       0       0       0       0       0
      Locals:         1       0       0       0       0       0       0       0       0       0       0       0       0       0
      Temps:          0       0       0       0       0       0       0       0       0       0       0       0       0       0
      Totals:         1       0       0       0       0       0       0       0       0       0       0       0       0       0
Total ram usage:        1 bytes
 Hardware stack levels used:    1
 This function calls:
		Nothing
 This function is called by:
		_ISR_bassa
 This function uses a non-reentrant model



MODULE INFORMATION

Module		Function		Class		Link	Load	Size
C:\Program Files (x86)\Microchip\xc8\v1.35\sources\common\exp.c
		_exp           		CODE           	3D0A	0000	667

C:\Program Files (x86)\Microchip\xc8\v1.35\sources\common\exp.c estimated size: 667

delay.c
		_delay_ms      		CODE           	526C	0000	53

delay.c estimated size: 53

C:\Program Files (x86)\Microchip\xc8\v1.35\sources\common\awdiv.c
		___awdiv       		CODE           	4CBE	0000	191

C:\Program Files (x86)\Microchip\xc8\v1.35\sources\common\awdiv.c estimated size: 191

C:\Program Files (x86)\Microchip\xc8\v1.35\sources\common\sprcadd.c
		___flsub       		CODE           	5172	0000	73
		___fladd       		CODE           	29A8	0000	1193

C:\Program Files (x86)\Microchip\xc8\v1.35\sources\common\sprcadd.c estimated size: 1266

C:\Program Files (x86)\Microchip\xc8\v1.35\sources\common\flneg.c
		___flneg       		CODE           	51FE	0000	57

C:\Program Files (x86)\Microchip\xc8\v1.35\sources\common\flneg.c estimated size: 57

C:\Program Files (x86)\Microchip\xc8\v1.35\sources\common\xxtofl.c
		___xxtofl      		CODE           	41A4	0000	463

C:\Program Files (x86)\Microchip\xc8\v1.35\sources\common\xxtofl.c estimated size: 463

C:\Program Files (x86)\Microchip\xc8\v1.35\sources\common\log.c
		_log           		CODE           	46C8	0000	395

C:\Program Files (x86)\Microchip\xc8\v1.35\sources\common\log.c estimated size: 395

C:\Program Files (x86)\Microchip\xc8\v1.35\sources\pic18\plib\PWM\ew1setdc.c
		_SetDCEPWM1    		CODE           	51BA	0000	69

C:\Program Files (x86)\Microchip\xc8\v1.35\sources\pic18\plib\PWM\ew1setdc.c estimated size: 69

CANlib.h
		_CANSetFilter  		CODE           	0D4E	0000	2823
		_CANisRxReady  		CODE           	5328	0000	23
		_CANreceiveMessage		CODE           	1FE0	0000	1293
		_CANsendMessage		CODE           	1854	0000	1933
		_CANInitialize 		CODE           	4372	0000	455
		_CANOperationMode		CODE           	5312	0000	23
		_CANisTxReady  		CODE           	52CC	0000	37
		_CANSetMask    		CODE           	36B6	0000	927

CANlib.h estimated size: 7514

C:\Program Files (x86)\Microchip\xc8\v1.35\sources\common\pow.c
		_pow           		CODE           	3FA4	0000	513

C:\Program Files (x86)\Microchip\xc8\v1.35\sources\common\pow.c estimated size: 513

C:\Program Files (x86)\Microchip\xc8\v1.35\sources\common\evalpoly.c
		_eval_poly     		CODE           	4A9A	0000	281

C:\Program Files (x86)\Microchip\xc8\v1.35\sources\common\evalpoly.c estimated size: 281

C:\Program Files (x86)\Microchip\xc8\v1.35\sources\pic18\plib\Timers\t2open.c
		_OpenTimer2    		CODE           	52F0	0000	35

C:\Program Files (x86)\Microchip\xc8\v1.35\sources\pic18\plib\Timers\t2open.c estimated size: 35

motore.c
		_rampe         		CODE           	24EC	0000	1213
		_configurazione_iniziale		CODE           	4E32	0000	177
		_send_data     		CODE           	5124	0000	79
		_main          		CODE           	3A54	0000	695
		_can_interpreter		CODE           	4EE2	0000	143
		_battery_measure		CODE           	4F70	0000	143
		_ISR_bassa     		CODE           	0018	0000	355

motore.c estimated size: 2805

C:\Program Files (x86)\Microchip\xc8\v1.35\sources\common\frexp.c
		_ldexp         		CODE           	4852	0000	293
		_frexp         		CODE           	4D7C	0000	183

C:\Program Files (x86)\Microchip\xc8\v1.35\sources\common\frexp.c estimated size: 476

shared
		exp@coeff      		SMALLCONST     	0D01	0000	41
		__initialization		CODE           	5076	0000	83
		log@coeff      		SMALLCONST     	0D29	0000	37

shared estimated size: 161

C:\Program Files (x86)\Microchip\xc8\v1.35\sources\pic18\plib\PWM\ew1open.c
		_OpenEPWM1     		CODE           	533E	0000	19

C:\Program Files (x86)\Microchip\xc8\v1.35\sources\pic18\plib\PWM\ew1open.c estimated size: 19

C:\Program Files (x86)\Microchip\xc8\v1.35\sources\common\floor.c
		_floor         		CODE           	4976	0000	293

C:\Program Files (x86)\Microchip\xc8\v1.35\sources\common\floor.c estimated size: 293

C:\Program Files (x86)\Microchip\xc8\v1.35\sources\common\sprcmul.c
		___flmul       		CODE           	2E50	0000	1191

C:\Program Files (x86)\Microchip\xc8\v1.35\sources\common\sprcmul.c estimated size: 1191

C:\Program Files (x86)\Microchip\xc8\v1.35\sources\pic18\plib\PWM\ew1setoc.c
		_SetOutputEPWM1		CODE           	50D2	0000	83

C:\Program Files (x86)\Microchip\xc8\v1.35\sources\pic18\plib\PWM\ew1setoc.c estimated size: 83

C:\Program Files (x86)\Microchip\xc8\v1.35\sources\common\lwdiv.c
		___lwdiv       		CODE           	4FFE	0000	121

C:\Program Files (x86)\Microchip\xc8\v1.35\sources\common\lwdiv.c estimated size: 121

C:\Program Files (x86)\Microchip\xc8\v1.35\sources\common\sprcdiv.c
		___fldiv       		CODE           	32F6	0000	961

C:\Program Files (x86)\Microchip\xc8\v1.35\sources\common\sprcdiv.c estimated size: 961

C:\Program Files (x86)\Microchip\xc8\v1.35\sources\common\fltol.c
		___fltol       		CODE           	4BB2	0000	269

C:\Program Files (x86)\Microchip\xc8\v1.35\sources\common\fltol.c estimated size: 269

C:\Program Files (x86)\Microchip\xc8\v1.35\sources\common\Umul16.c
		___wmul        		CODE           	5236	0000	55

C:\Program Files (x86)\Microchip\xc8\v1.35\sources\common\Umul16.c estimated size: 55

C:\Program Files (x86)\Microchip\xc8\v1.35\sources\common\abs.c
		_abs           		CODE           	52A0	0000	45

C:\Program Files (x86)\Microchip\xc8\v1.35\sources\common\abs.c estimated size: 45

C:\Program Files (x86)\Microchip\xc8\v1.35\sources\common\flge.c
		___flge        		CODE           	4538	0000	401

C:\Program Files (x86)\Microchip\xc8\v1.35\sources\common\flge.c estimated size: 401

