Microchip MPLAB XC8 Compiler V1.35 ()

Linker command line:

--edf=C:\Program Files (x86)\Microchip\xc8\v1.35\dat\en_msgs.txt -cs \
  -h+dist/default/production\motore.production.sym \
  --cmf=dist/default/production\motore.production.cmf -z -Q18F4480 \
  -oC:\Users\Simone\AppData\Local\Temp\s6uc.2 \
  -Mdist/default/production/motore.production.map -E1 -ver=XC8 --acfsm=1493 \
  -ASTACK=0C9h-02ffh -pstack=STACK -ACODE=00h-03FFFh -ACONST=00h-03FFFh \
  -ASMALLCONST=0300h-03FFhx61 -AMEDIUMCONST=0300h-03FFFh -ACOMRAM=01h-05Fh \
  -AABS1=00h-02FFh -ABIGRAM=01h-02FFh -ARAM=060h-0FFh,0100h-01FFhx2 \
  -ABANK0=060h-0FFh -ABANK1=0100h-01FFh -ABANK2=0200h-02FFh \
  -ASFR=0D00h-0DFFhx2,0F00h-0F5Fh,0F60h-0FFFh \
  -preset_vec=00h,intcode,intcodelo=018h,powerup,init,end_init \
  -pramtop=0300h -psmallconst=SMALLCONST -pmediumconst=MEDIUMCONST \
  -pconst=CONST -AFARRAM=00h-00h -ACONFIG=0300000h-030000Dh -pconfig=CONFIG \
  -AIDLOC=0200000h-0200007h -pidloc=IDLOC -AEEDATA=0F00000h-0F000FFh \
  -peeprom_data=EEDATA \
  -prdata=COMRAM,nvrram=COMRAM,nvbit=COMRAM,rbss=COMRAM,rbit=COMRAM \
  -pfarbss=FARRAM,fardata=FARRAM,nvFARRAM=FARRAM \
  -pintsave_regs=BIGRAM,bigbss=BIGRAM,bigdata=BIGRAM -pbss=RAM \
  -pidata=CODE,irdata=CODE,ibigdata=CODE,ifardata=CODE -prparam=COMRAM \
  C:\Users\Simone\AppData\Local\Temp\s6uc.obj \
  dist/default/production\motore.production.obj 

Object code version is 3.11

Machine type is 18F4480

Call graph: (short form)




                Name                               Link     Load   Length Selector   Space Scale
C:\Users\Simone\AppData\Local\Temp\s6uc.obj
                end_init                            13A      13A        4        C       0
                reset_vec                             0        0        4        0       0
                config                           300000   300000        E   300000       0
dist/default/production\motore.production.obj
                intcodelo                            18       18      122        C       0
                temp                                 41       41        1        1       1
                text22                             2538     2538       16        C       0
                text21                             12F8     12F8      50C        C       0
                text19                             2560     2560       10        C       0
                text18                             251C     251C       1C        C       0
                text17                             2578     2578        2     12BC       0
                text16                             2184     2184       CE        C       0
                text15                             254E     254E       12        C       0
                text14                              13E      13E      A46        C       0
                text13                             1804     1804      35E        C       0
                text12                             1FD2     1FD2      1B2        C       0
                text11                             23F6     23F6       44        C       0
                text10                             24AC     24AC       2A        C       0
                text9                              2474     2474       38        C       0
                text8                              2252     2252       AE        C       0
                text7                              24FE     24FE       1E        C       0
                text6                               B84      B84      774        C       0
                text5                              243A     243A       3A        C       0
                text4                              2300     2300       5E        C       0
                text3                              24D6     24D6       28        C       0
                text2                              1DA4     1DA4      22E        C       0
                text1                              235E     235E       4E        C       0
                text0                              1B62     1B62      242        C       0
                cstackCOMRAM                          1        1       23        1       1
                cstackBANK0                          AB       AB       1E       60       1
                bssBANK0                             60       60       4B       60       1
                dataCOMRAM                           3A       3A        7        1       1
                bssCOMRAM                            24       24       14        1       1
                bitbssCOMRAM                        1C0       38        A        1       1     8
                cinit                              23AC     23AC       4A        C       0
                idataCOMRAM                        2570     2570        7        C       0

TOTAL           Name                               Link     Load   Length     Space
        CLASS   STACK          

        CLASS   CODE           
                end_init                            13A      13A        4         0
                intcodelo                            18       18      122         0
                reset_vec                             0        0        4         0
                text22                             2538     2538       16         0
                text21                             12F8     12F8      50C         0
                text19                             2560     2560       10         0
                text18                             251C     251C       1C         0
                text17                             2578     2578        2         0
                text16                             2184     2184       CE         0
                text15                             254E     254E       12         0
                text14                              13E      13E      A46         0
                text13                             1804     1804      35E         0
                text12                             1FD2     1FD2      1B2         0
                text11                             23F6     23F6       44         0
                text10                             24AC     24AC       2A         0
                text9                              2474     2474       38         0
                text8                              2252     2252       AE         0
                text7                              24FE     24FE       1E         0
                text6                               B84      B84      774         0
                text5                              243A     243A       3A         0
                text4                              2300     2300       5E         0
                text3                              24D6     24D6       28         0
                text2                              1DA4     1DA4      22E         0
                text1                              235E     235E       4E         0
                text0                              1B62     1B62      242         0
                cinit                              23AC     23AC       4A         0
                idataCOMRAM                        2570     2570        7         0

        CLASS   CONST          

        CLASS   SMALLCONST     

        CLASS   MEDIUMCONST    

        CLASS   COMRAM         
                temp                                 41       41        1         1
                cstackCOMRAM                          1        1       23         1
                dataCOMRAM                           3A       3A        7         1
                bssCOMRAM                            24       24       14         1
                bitbssCOMRAM                        1C0       38        A         1

        CLASS   ABS1           

        CLASS   BIGRAM         

        CLASS   RAM            

        CLASS   BANK0          
                cstackBANK0                          AB       AB       1E         1
                bssBANK0                             60       60       4B         1

        CLASS   BANK1          

        CLASS   BANK2          

        CLASS   SFR            

        CLASS   FARRAM         

        CLASS   CONFIG         
                config                           300000   300000        E         0

        CLASS   IDLOC          

        CLASS   EEDATA         



SEGMENTS        Name                           Load    Length   Top    Selector   Space  Class

                reset_vec                      000000  000004  000004         0       0  CODE    
                cstackCOMRAM                   000001  000041  000042         1       1  COMRAM  
                intcodelo                      000018  00255F  002577         C       0  CODE    
                bssBANK0                       000060  000069  0000C9        60       1  BANK0   
                text17                         002578  000002  00257A      12BC       0  CODE    
                config                         300000  00000E  30000E    300000       0  CONFIG  


UNUSED ADDRESS RANGES

        Name                Unused          Largest block    Delta
        BANK0            0000C9-0000FF               37
        BANK1            000100-0001FF              100
        BANK2            000200-0002FF              100
        BIGRAM           000042-00005F               1E
                         0000C9-0002FF              237
        CODE             000004-000017               14
                         002577-002577                1
                         00257A-003FFF             1A86
        COMRAM           000042-00005F               1E
        CONST            000004-000017               14
                         002577-002577                1
                         00257A-003FFF             1A86
        EEDATA           F00000-F000FF              100
        IDLOC            200000-200007                8
        MEDIUMCONST      002577-002577                1
                         00257A-003FFF             1A86
        RAM              0000C9-0002FF              100
        SFR              000D00-000FFF              100
        SMALLCONST       002577-002577                1
                         00257A-003FFF              100
        STACK            0000C9-0002FF              237

                                  Symbol Table

?___lwdiv                         cstackCOMRAM 00001F
?___wmul                          cstackCOMRAM 00001F
?_abs                             cstackCOMRAM 00001F
CANInitialize@BRP                 cstackBANK0  0000B7
CANInitialize@FilterConfig1       cstackBANK0  0000BE
CANInitialize@FilterConfig2       cstackBANK0  0000BF
CANInitialize@SJW                 cstackBANK0  0000B6
CANInitialize@flags               cstackBANK0  0000B8
CANInitialize@phaseSeg1           cstackBANK0  0000B4
CANInitialize@phaseSeg2           cstackBANK0  0000B5
CANInitialize@propSeg             cstackBANK0  0000BD
CANOperationMode@mode             cstackCOMRAM 00001F
CANSetFilter@filter               cstackCOMRAM 00001F
CANSetFilter@numBuffer            cstackBANK0  0000AF
CANSetFilter@tamp                 cstackBANK0  0000B0
CANSetFilter@type                 cstackCOMRAM 000023
CANSetMask@mask                   cstackCOMRAM 00001F
CANSetMask@numBuffer              cstackBANK0  0000AF
CANSetMask@tamp                   cstackBANK0  0000B0
CANSetMask@type                   cstackCOMRAM 000023
CANreceiveMessage@error           cstackCOMRAM 00000B
CANreceiveMessage@msg             cstackCOMRAM 000001
CANreceiveMessage@tamp            cstackCOMRAM 00000C
CANsendMessage@data               cstackBANK0  0000AF
CANsendMessage@dataLength         cstackBANK0  0000B1
CANsendMessage@flags              cstackBANK0  0000B2
CANsendMessage@identifier         cstackBANK0  0000AB
CANsendMessage@tamp               cstackBANK0  0000B3
ISR_bassa@i                       cstackCOMRAM 00001E
OpenEPWM1@period                  cstackCOMRAM 00001F
OpenTimer2@config                 cstackCOMRAM 00001F
SetDCEPWM1@DCycle                 cstackBANK0  0000AB
SetDCEPWM1@dutycycle              cstackCOMRAM 00001F
SetOutputEPWM1@outputconfig       cstackCOMRAM 000020
SetOutputEPWM1@outputmode         cstackCOMRAM 00001F
_ADCON0bits                       (abs)        000FC2
_ADCON1bits                       (abs)        000FC1
_ADCON2bits                       (abs)        000FC0
_BRGCON1                          (abs)        000F70
_BRGCON2                          (abs)        000F71
_BRGCON2bits                      (abs)        000F71
_BRGCON3                          (abs)        000F72
_BRGCON3bits                      (abs)        000F72
_CANCON                           (abs)        000F6F
_CANCONbits                       (abs)        000F6F
_CANInitialize                    text12       001FD2
_CANOperationMode                 text15       00254E
_CANSTAT                          (abs)        000F6E
_CANSetFilter                     text14       00013E
_CANSetMask                       text13       001804
_CANisRxReady                     text22       002538
_CANisRxReady$3002                cstackCOMRAM 000001
_CANisTxReady                     text7        0024FE
_CANisTxReady$3000                cstackCOMRAM 00001F
_CANreceiveMessage                text21       0012F8
_CANsendMessage                   text6        000B84
_COMSTATbits                      (abs)        000F74
_ECCP1CON                         (abs)        000FBA
_ECCPR1L                          (abs)        000FBB
_INTCONbits                       (abs)        000FF2
_IPR2bits                         (abs)        000FA2
_IPR3bits                         (abs)        000FA5
_ISR_bassa                        intcodelo    000018
_LATA                             (abs)        000F89
_LATB                             (abs)        000F8A
_LATC                             (abs)        000F8B
_LATD                             (abs)        000F8C
_LATE                             (abs)        000F8D
_OpenEPWM1                        text19       002560
_OpenTimer2                       text18       00251C
_PIE1bits                         (abs)        000F9D
_PIE2bits                         (abs)        000FA0
_PIE3bits                         (abs)        000FA3
_PIR1bits                         (abs)        000F9E
_PIR2bits                         (abs)        000FA1
_PIR3bits                         (abs)        000FA4
_PORTAbits                        (abs)        000F80
_PORTCbits                        (abs)        000F82
_PR2                              (abs)        000FCB
_RCONbits                         (abs)        000FD0
_RXB0CON                          (abs)        000F60
_RXB0CONbits                      (abs)        000F60
_RXB0D0                           (abs)        000F66
_RXB0D1                           (abs)        000F67
_RXB0D2                           (abs)        000F68
_RXB0D3                           (abs)        000F69
_RXB0D4                           (abs)        000F6A
_RXB0D5                           (abs)        000F6B
_RXB0D6                           (abs)        000F6C
_RXB0D7                           (abs)        000F6D
_RXB0DLC                          (abs)        000F65
_RXB0DLCbits                      (abs)        000F65
_RXB0EIDH                         (abs)        000F63
_RXB0EIDL                         (abs)        000F64
_RXB0SIDH                         (abs)        000F61
_RXB0SIDL                         (abs)        000F62
_RXB0SIDLbits                     (abs)        000F62
_RXB1CON                          (abs)        000F50
_RXB1CONbits                      (abs)        000F50
_RXB1D0                           (abs)        000F56
_RXB1D1                           (abs)        000F57
_RXB1D2                           (abs)        000F58
_RXB1D3                           (abs)        000F59
_RXB1D4                           (abs)        000F5A
_RXB1D5                           (abs)        000F5B
_RXB1D6                           (abs)        000F5C
_RXB1D7                           (abs)        000F5D
_RXB1DLC                          (abs)        000F55
_RXB1DLCbits                      (abs)        000F55
_RXB1EIDH                         (abs)        000F53
_RXB1EIDL                         (abs)        000F54
_RXB1SIDH                         (abs)        000F51
_RXB1SIDL                         (abs)        000F52
_RXB1SIDLbits                     (abs)        000F52
_RXERRCNT                         (abs)        000F75
_RXF0EIDH                         (abs)        000F02
_RXF0EIDL                         (abs)        000F03
_RXF0SIDH                         (abs)        000F00
_RXF0SIDL                         (abs)        000F01
_RXF0SIDLbits                     (abs)        000F01
_RXF1EIDH                         (abs)        000F06
_RXF1EIDL                         (abs)        000F07
_RXF1SIDH                         (abs)        000F04
_RXF1SIDL                         (abs)        000F05
_RXF1SIDLbits                     (abs)        000F05
_RXF2EIDH                         (abs)        000F0A
_RXF2EIDL                         (abs)        000F0B
_RXF2SIDH                         (abs)        000F08
_RXF2SIDL                         (abs)        000F09
_RXF2SIDLbits                     (abs)        000F09
_RXF3EIDH                         (abs)        000F0E
_RXF3EIDL                         (abs)        000F0F
_RXF3SIDH                         (abs)        000F0C
_RXF3SIDL                         (abs)        000F0D
_RXF3SIDLbits                     (abs)        000F0D
_RXF4EIDH                         (abs)        000F12
_RXF4EIDL                         (abs)        000F13
_RXF4SIDH                         (abs)        000F10
_RXF4SIDL                         (abs)        000F11
_RXF4SIDLbits                     (abs)        000F11
_RXF5EIDH                         (abs)        000F16
_RXF5EIDL                         (abs)        000F17
_RXF5SIDH                         (abs)        000F14
_RXF5SIDL                         (abs)        000F15
_RXF5SIDLbits                     (abs)        000F15
_RXM0EIDH                         (abs)        000F1A
_RXM0EIDL                         (abs)        000F1B
_RXM0SIDH                         (abs)        000F18
_RXM0SIDL                         (abs)        000F19
_RXM0SIDLbits                     (abs)        000F19
_RXM1EIDH                         (abs)        000F1E
_RXM1EIDL                         (abs)        000F1F
_RXM1SIDH                         (abs)        000F1C
_RXM1SIDL                         (abs)        000F1D
_RXM1SIDLbits                     (abs)        000F1D
_SetDCEPWM1                       text5        00243A
_SetOutputEPWM1                   text11       0023F6
_T2CON                            (abs)        000FCA
_T2CONbits                        (abs)        000FCA
_T3CON                            (abs)        000FB1
_TMR2                             (abs)        000FCC
_TMR3H                            (abs)        000FB3
_TMR3L                            (abs)        000FB2
_TRISA                            (abs)        000F92
_TRISB                            (abs)        000F93
_TRISC                            (abs)        000F94
_TRISD                            (abs)        000F95
_TRISDbits                        (abs)        000F95
_TRISE                            (abs)        000F96
_TXB0CONbits                      (abs)        000F40
_TXB0D0                           (abs)        000F46
_TXB0D1                           (abs)        000F47
_TXB0D2                           (abs)        000F48
_TXB0D3                           (abs)        000F49
_TXB0D4                           (abs)        000F4A
_TXB0D5                           (abs)        000F4B
_TXB0D6                           (abs)        000F4C
_TXB0D7                           (abs)        000F4D
_TXB0DLC                          (abs)        000F45
_TXB0DLCbits                      (abs)        000F45
_TXB0EIDH                         (abs)        000F43
_TXB0EIDL                         (abs)        000F44
_TXB0SIDH                         (abs)        000F41
_TXB0SIDL                         (abs)        000F42
_TXB0SIDLbits                     (abs)        000F42
_TXB1CONbits                      (abs)        000F30
_TXB1D0                           (abs)        000F36
_TXB1D1                           (abs)        000F37
_TXB1D2                           (abs)        000F38
_TXB1D3                           (abs)        000F39
_TXB1D4                           (abs)        000F3A
_TXB1D5                           (abs)        000F3B
_TXB1D6                           (abs)        000F3C
_TXB1D7                           (abs)        000F3D
_TXB1DLC                          (abs)        000F35
_TXB1DLCbits                      (abs)        000F35
_TXB1EIDH                         (abs)        000F33
_TXB1EIDL                         (abs)        000F34
_TXB1SIDH                         (abs)        000F31
_TXB1SIDL                         (abs)        000F32
_TXB1SIDLbits                     (abs)        000F32
_TXB2CONbits                      (abs)        000F20
_TXB2D0                           (abs)        000F26
_TXB2D1                           (abs)        000F27
_TXB2D2                           (abs)        000F28
_TXB2D3                           (abs)        000F29
_TXB2D4                           (abs)        000F2A
_TXB2D5                           (abs)        000F2B
_TXB2D6                           (abs)        000F2C
_TXB2D7                           (abs)        000F2D
_TXB2DLC                          (abs)        000F25
_TXB2DLCbits                      (abs)        000F25
_TXB2EIDH                         (abs)        000F23
_TXB2EIDL                         (abs)        000F24
_TXB2SIDH                         (abs)        000F21
_TXB2SIDL                         (abs)        000F22
_TXB2SIDLbits                     (abs)        000F22
_TXERRCNT                         (abs)        000F76
__CFG_BBSIZ$1024                  (abs)        000000
__CFG_BOREN$BOHW                  (abs)        000000
__CFG_BORV$3                      (abs)        000000
__CFG_CP0$OFF                     (abs)        000000
__CFG_CP1$OFF                     (abs)        000000
__CFG_CPB$OFF                     (abs)        000000
__CFG_CPD$OFF                     (abs)        000000
__CFG_EBTR0$OFF                   (abs)        000000
__CFG_EBTR1$OFF                   (abs)        000000
__CFG_EBTRB$OFF                   (abs)        000000
__CFG_FCMEN$OFF                   (abs)        000000
__CFG_IESO$OFF                    (abs)        000000
__CFG_LPT1OSC$OFF                 (abs)        000000
__CFG_LVP$OFF                     (abs)        000000
__CFG_MCLRE$ON                    (abs)        000000
__CFG_OSC$HS                      (abs)        000000
__CFG_PBADEN$ON                   (abs)        000000
__CFG_PWRT$OFF                    (abs)        000000
__CFG_STVREN$ON                   (abs)        000000
__CFG_WDT$OFF                     (abs)        000000
__CFG_WDTPS$32768                 (abs)        000000
__CFG_WRT0$OFF                    (abs)        000000
__CFG_WRT1$OFF                    (abs)        000000
__CFG_WRTB$OFF                    (abs)        000000
__CFG_WRTC$OFF                    (abs)        000000
__CFG_WRTD$OFF                    (abs)        000000
__CFG_XINST$OFF                   (abs)        000000
__HRAM                            (abs)        000000
__Habs1                           abs1         000000
__Hbank0                          bank0        000000
__Hbank1                          bank1        000000
__Hbank2                          bank2        000000
__Hbigbss                         bigbss       000000
__Hbigdata                        bigdata      000000
__Hbigram                         bigram       000000
__HbitbssCOMRAM                   bitbssCOMRAM 000000
__Hbss                            bss          000000
__HbssBANK0                       bssBANK0     000000
__HbssCOMRAM                      bssCOMRAM    000000
__Hcinit                          cinit        000000
__Hclrtext                        clrtext      000000
__Hcomram                         comram       000000
__Hconfig                         config       30000E
__Hconst                          const        000000
__HcstackBANK0                    cstackBANK0  000000
__HcstackCOMRAM                   cstackCOMRAM 000000
__Hdata                           data         000000
__HdataCOMRAM                     dataCOMRAM   000000
__Heeprom_data                    eeprom_data  000000
__Hend_init                       end_init     00013E
__Hfarbss                         farbss       000000
__Hfardata                        fardata      000000
__Hibigdata                       ibigdata     000000
__Hidata                          idata        000000
__HidataCOMRAM                    idataCOMRAM  000000
__Hidloc                          idloc        000000
__Hifardata                       ifardata     000000
__Hinit                           init         00013A
__Hintcode                        intcode      000004
__Hintcode_body                   intcode_body 000000
__Hintcodelo                      intcodelo    00013A
__Hintentry                       intentry     000000
__Hintret                         intret       000000
__Hintsave_regs                   intsave_regs 000000
__Hirdata                         irdata       000000
__Hmediumconst                    mediumconst  000000
__HnvFARRAM                       nvFARRAM     000000
__Hnvbit                          nvbit        000000
__Hnvrram                         nvrram       000000
__Hparam                          rparam       000000
__Hpowerup                        powerup      00013A
__Hram                            ram          000000
__Hramtop                         ramtop       000300
__Hrbit                           rbit         000000
__Hrbss                           rbss         000000
__Hrdata                          rdata        000000
__Hreset_vec                      reset_vec    000004
__Hrparam                         rparam       000000
__Hsfr                            sfr          000000
__Hsmallconst                     smallconst   000000
__Hspace_0                        (abs)        30000E
__Hspace_1                        (abs)        0001CA
__Hspace_2                        (abs)        000000
__Hstack                          stack        000000
__Hstruct                         struct       000000
__Htemp                           temp         000042
__Htext                           text         000000
__Htext0                          text0        000000
__Htext1                          text1        000000
__Htext10                         text10       000000
__Htext11                         text11       000000
__Htext12                         text12       000000
__Htext13                         text13       000000
__Htext14                         text14       000000
__Htext15                         text15       000000
__Htext16                         text16       000000
__Htext17                         text17       000000
__Htext18                         text18       000000
__Htext19                         text19       000000
__Htext2                          text2        000000
__Htext21                         text21       000000
__Htext22                         text22       000000
__Htext3                          text3        000000
__Htext4                          text4        000000
__Htext5                          text5        000000
__Htext6                          text6        000000
__Htext7                          text7        000000
__Htext8                          text8        000000
__Htext9                          text9        000000
__LRAM                            (abs)        000001
__Labs1                           abs1         000000
__Lbank0                          bank0        000000
__Lbank1                          bank1        000000
__Lbank2                          bank2        000000
__Lbigbss                         bigbss       000000
__Lbigdata                        bigdata      000000
__Lbigram                         bigram       000000
__LbitbssCOMRAM                   bitbssCOMRAM 000000
__Lbss                            bss          000000
__LbssBANK0                       bssBANK0     000000
__LbssCOMRAM                      bssCOMRAM    000000
__Lcinit                          cinit        000000
__Lclrtext                        clrtext      000000
__Lcomram                         comram       000000
__Lconfig                         config       300000
__Lconst                          const        000000
__LcstackBANK0                    cstackBANK0  000000
__LcstackCOMRAM                   cstackCOMRAM 000000
__Ldata                           data         000000
__LdataCOMRAM                     dataCOMRAM   000000
__Leeprom_data                    eeprom_data  000000
__Lend_init                       end_init     00013A
__Lfarbss                         farbss       000000
__Lfardata                        fardata      000000
__Libigdata                       ibigdata     000000
__Lidata                          idata        000000
__LidataCOMRAM                    idataCOMRAM  000000
__Lidloc                          idloc        000000
__Lifardata                       ifardata     000000
__Linit                           init         00013A
__Lintcode                        intcode      000004
__Lintcode_body                   intcode_body 000000
__Lintcodelo                      intcodelo    000018
__Lintentry                       intentry     000000
__Lintret                         intret       000000
__Lintsave_regs                   intsave_regs 000000
__Lirdata                         irdata       000000
__Lmediumconst                    mediumconst  000000
__LnvFARRAM                       nvFARRAM     000000
__Lnvbit                          nvbit        000000
__Lnvrram                         nvrram       000000
__Lparam                          rparam       000000
__Lpowerup                        powerup      00013A
__Lram                            ram          000000
__Lramtop                         ramtop       000300
__Lrbit                           rbit         000000
__Lrbss                           rbss         000000
__Lrdata                          rdata        000000
__Lreset_vec                      reset_vec    000000
__Lrparam                         rparam       000000
__Lsfr                            sfr          000000
__Lsmallconst                     smallconst   000000
__Lspace_0                        (abs)        000000
__Lspace_1                        (abs)        000000
__Lspace_2                        (abs)        000000
__Lstack                          stack        000000
__Lstruct                         struct       000000
__Ltemp                           temp         000041
__Ltext                           text         000000
__Ltext0                          text0        000000
__Ltext1                          text1        000000
__Ltext10                         text10       000000
__Ltext11                         text11       000000
__Ltext12                         text12       000000
__Ltext13                         text13       000000
__Ltext14                         text14       000000
__Ltext15                         text15       000000
__Ltext16                         text16       000000
__Ltext17                         text17       000000
__Ltext18                         text18       000000
__Ltext19                         text19       000000
__Ltext2                          text2        000000
__Ltext21                         text21       000000
__Ltext22                         text22       000000
__Ltext3                          text3        000000
__Ltext4                          text4        000000
__Ltext5                          text5        000000
__Ltext6                          text6        000000
__Ltext7                          text7        000000
__Ltext8                          text8        000000
__Ltext9                          text9        000000
__S0                              (abs)        30000E
__S1                              (abs)        0000C9
__S2                              (abs)        000000
___inthi_sp                       stack        000000
___intlo_sp                       stack        000000
___lwdiv                          text4        002300
___lwdiv@counter                  cstackBANK0  0000AB
___lwdiv@dividend                 cstackCOMRAM 00001F
___lwdiv@divisor                  cstackCOMRAM 000021
___lwdiv@quotient                 cstackBANK0  0000AC
___param_bank                     (abs)        000010
___rparam_used                    (abs)        000001
___sp                             stack        000000
___wmul                           text10       0024AC
___wmul@multiplicand              cstackCOMRAM 000021
___wmul@multiplier                cstackCOMRAM 00001F
___wmul@product                   cstackBANK0  0000AB
__accesstop                       (abs)        000060
__activetblptr                    (abs)        000002
__end_of_CANInitialize            text12       002184
__end_of_CANOperationMode         text15       002560
__end_of_CANSetFilter             text14       000B84
__end_of_CANSetMask               text13       001B62
__end_of_CANisRxReady             text22       00254E
__end_of_CANisTxReady             text7        00251C
__end_of_CANreceiveMessage        text21       001804
__end_of_CANsendMessage           text6        0012F8
__end_of_ISR_bassa                intcodelo    00013A
__end_of_OpenEPWM1                text19       002570
__end_of_OpenTimer2               text18       002538
__end_of_SetDCEPWM1               text5        002474
__end_of_SetOutputEPWM1           text11       00243A
__end_of___lwdiv                  text4        00235E
__end_of___wmul                   text10       0024D6
__end_of__initialization          cinit        0023E8
__end_of_abs                      text3        0024FE
__end_of_battery_measure          text17       00257A
__end_of_can_interpreter          text16       002252
__end_of_configurazione_iniziale  text8        002300
__end_of_delay_ms                 text9        0024AC
__end_of_main                     text0        001DA4
__end_of_rampe                    text2        001FD2
__end_of_send_data                text1        0023AC
__initialization                  cinit        0023AC
__mediumconst                     mediumconst  000000
__pbitbssCOMRAM                   bitbssCOMRAM 0001C0
__pbssBANK0                       bssBANK0     000060
__pbssCOMRAM                      bssCOMRAM    000024
__pcinit                          cinit        0023AC
__pcstackBANK0                    cstackBANK0  0000AB
__pcstackCOMRAM                   cstackCOMRAM 000001
__pdataCOMRAM                     dataCOMRAM   00003A
__pidataCOMRAM                    idataCOMRAM  002570
__pintcodelo                      intcodelo    000018
__ptext0                          text0        001B62
__ptext1                          text1        00235E
__ptext10                         text10       0024AC
__ptext11                         text11       0023F6
__ptext12                         text12       001FD2
__ptext13                         text13       001804
__ptext14                         text14       00013E
__ptext15                         text15       00254E
__ptext16                         text16       002184
__ptext17                         text17       002578
__ptext18                         text18       00251C
__ptext19                         text19       002560
__ptext2                          text2        001DA4
__ptext21                         text21       0012F8
__ptext22                         text22       002538
__ptext3                          text3        0024D6
__ptext4                          text4        002300
__ptext5                          text5        00243A
__ptext6                          text6        000B84
__ptext7                          text7        0024FE
__ptext8                          text8        002252
__ptext9                          text9        002474
__ramtop                          ramtop       000300
__size_of_CANInitialize           (abs)        000000
__size_of_CANOperationMode        (abs)        000000
__size_of_CANSetFilter            (abs)        000000
__size_of_CANSetMask              (abs)        000000
__size_of_CANisRxReady            (abs)        000000
__size_of_CANisTxReady            (abs)        000000
__size_of_CANreceiveMessage       (abs)        000000
__size_of_CANsendMessage          (abs)        000000
__size_of_ISR_bassa               (abs)        000000
__size_of_OpenEPWM1               (abs)        000000
__size_of_OpenTimer2              (abs)        000000
__size_of_SetDCEPWM1              (abs)        000000
__size_of_SetOutputEPWM1          (abs)        000000
__size_of___lwdiv                 (abs)        000000
__size_of___wmul                  (abs)        000000
__size_of_abs                     (abs)        000000
__size_of_battery_measure         (abs)        000000
__size_of_can_interpreter         (abs)        000000
__size_of_configurazione_iniziale (abs)        000000
__size_of_delay_ms                (abs)        000000
__size_of_main                    (abs)        000000
__size_of_rampe                   (abs)        000000
__size_of_send_data               (abs)        000000
__smallconst                      smallconst   000000
_abs                              text3        0024D6
_battery_measure                  text17       002578
_can_interpreter                  text16       002184
_can_retry                        bitbssCOMRAM 0001C0
_centralina_abs                   bitbssCOMRAM 0001C1
_centralina_comando               bitbssCOMRAM 0001C2
_centralina_sterzo                bitbssCOMRAM 0001C3
_clock_counter_reference          bssBANK0     000084
_configurazione_iniziale          text8        002252
_correzione                       bssBANK0     000070
_counter_array                    bssBANK0     000060
_current                          bssCOMRAM    000036
_currentSpeed                     dataCOMRAM   00003A
_currentSpeed_array               bssBANK0     000068
_data_array                       bssBANK0     00009B
_data_array_debug                 bssBANK0     0000A3
_delay_ms                         text9        002474
_delay_quartz_frequency_value     dataCOMRAM   000040
_dir                              dataCOMRAM   00003E
_duty_cycle                       bssBANK0     000086
_duty_set                         bssCOMRAM    000024
_errore                           bssBANK0     000088
_id                               bssCOMRAM    000028
_left_speed                       bssCOMRAM    000030
_main                             text0        001B62
_message_sent                     bitbssCOMRAM 0001C4
_msg                              bssBANK0     00008C
_new_message                      bitbssCOMRAM 0001C5
_previousPwm                      bssCOMRAM    000032
_previousTimeCounter              bssBANK0     000074
_previousTimeCounter1             bssBANK0     000078
_previousTimeCounter2             bssBANK0     00007C
_rampe                            text2        001DA4
_remote_frame                     bitbssCOMRAM 0001C6
_remote_frame1                    bitbssCOMRAM 0001C7
_requestSpeed                     bssCOMRAM    00002C
_request_sent                     bitbssCOMRAM 0001C8
_right_speed                      bssCOMRAM    000034
_scrittura                        bssCOMRAM    000037
_send_data                        text1        00235E
_speed_fetched                    bitbssCOMRAM 0001C9
_timeCounter                      bssBANK0     000080
_vBatt                            bssBANK0     00008A
abs@a                             cstackCOMRAM 00001F
btemp                             temp         000041
delay_ms@value_ms                 cstackBANK0  0000AD
end_of_initialization             cinit        0023E8
int$flags                         temp         000041
intlevel0                         text         000000
intlevel1                         text         000000
intlevel2                         text         000000
intlevel3                         text         000000
main@period                       cstackBANK0  0000C8
stackhi                           (abs)        0002FF
stacklo                           (abs)        0000C9
start                             init         00013A
start_initialization              cinit        0023AC


FUNCTION INFORMATION:

 *************** function _main *****************
 Defined at:
		line 118 in file "motore.c"
 Parameters:    Size  Location     Type
		None
 Auto vars:     Size  Location     Type
  period          1   29[BANK0 ] unsigned char 
 Return value:  Size  Location     Type
                  2  662[None  ] int 
 Registers used:
		wreg, fsr2l, fsr2h, status,2, status,0, prodl, prodh, cstack
 Tracked objects:
		On entry : 
		On exit  : 
		Unchanged: 
 Data sizes:     COMRAM   BANK0   BANK1   BANK2
      Params:         0       0       0       0
      Locals:         0       1       0       0
      Temps:          0       8       0       0
      Totals:         0       9       0       0
Total ram usage:        9 bytes
 Hardware stack levels required when called:    5
 This function calls:
		_CANisTxReady
		_CANsendMessage
		_OpenEPWM1
		_OpenTimer2
		_SetDCEPWM1
		_SetOutputEPWM1
		_battery_measure
		_can_interpreter
		_configurazione_iniziale
		_delay_ms
		_rampe
		_send_data
 This function is called by:
		Startup code after reset
 This function uses a non-reentrant model


 *************** function _send_data *****************
 Defined at:
		line 214 in file "motore.c"
 Parameters:    Size  Location     Type
		None
 Auto vars:     Size  Location     Type
		None
 Return value:  Size  Location     Type
		None               void
 Registers used:
		wreg, fsr2l, fsr2h, status,2, status,0, cstack
 Tracked objects:
		On entry : 
		On exit  : 
		Unchanged: 
 Data sizes:     COMRAM   BANK0   BANK1   BANK2
      Params:         0       0       0       0
      Locals:         0       0       0       0
      Temps:          0       0       0       0
      Totals:         0       0       0       0
Total ram usage:        0 bytes
 Hardware stack levels used:    1
 Hardware stack levels required when called:    3
 This function calls:
		_CANisTxReady
		_CANsendMessage
 This function is called by:
		_main
 This function uses a non-reentrant model


 *************** function _rampe *****************
 Defined at:
		line 178 in file "motore.c"
 Parameters:    Size  Location     Type
		None
 Auto vars:     Size  Location     Type
		None
 Return value:  Size  Location     Type
		None               void
 Registers used:
		wreg, fsr2l, fsr2h, status,2, status,0, cstack
 Tracked objects:
		On entry : 
		On exit  : 
		Unchanged: 
 Data sizes:     COMRAM   BANK0   BANK1   BANK2
      Params:         0       0       0       0
      Locals:         0       0       0       0
      Temps:          0       8       0       0
      Totals:         0       8       0       0
Total ram usage:        8 bytes
 Hardware stack levels used:    1
 Hardware stack levels required when called:    3
 This function calls:
		_CANisTxReady
		_CANsendMessage
		_SetDCEPWM1
		_SetOutputEPWM1
		___lwdiv
		_abs
 This function is called by:
		_main
 This function uses a non-reentrant model


 *************** function _abs *****************
 Defined at:
		line 4 in file "C:\Program Files (x86)\Microchip\xc8\v1.35\sources\common\abs.c"
 Parameters:    Size  Location     Type
  a               2   30[COMRAM] int 
 Auto vars:     Size  Location     Type
		None
 Return value:  Size  Location     Type
                  2   30[COMRAM] int 
 Registers used:
		wreg, status,2, status,0
 Tracked objects:
		On entry : 
		On exit  : 
		Unchanged: 
 Data sizes:     COMRAM   BANK0   BANK1   BANK2
      Params:         2       0       0       0
      Locals:         0       0       0       0
      Temps:          2       0       0       0
      Totals:         4       0       0       0
Total ram usage:        4 bytes
 Hardware stack levels used:    1
 Hardware stack levels required when called:    2
 This function calls:
		Nothing
 This function is called by:
		_rampe
 This function uses a non-reentrant model


 *************** function ___lwdiv *****************
 Defined at:
		line 8 in file "C:\Program Files (x86)\Microchip\xc8\v1.35\sources\common\lwdiv.c"
 Parameters:    Size  Location     Type
  dividend        2   30[COMRAM] unsigned int 
  divisor         2   32[COMRAM] unsigned int 
 Auto vars:     Size  Location     Type
  quotient        2    1[BANK0 ] unsigned int 
  counter         1    0[BANK0 ] unsigned char 
 Return value:  Size  Location     Type
                  2   30[COMRAM] unsigned int 
 Registers used:
		wreg, status,2, status,0
 Tracked objects:
		On entry : 
		On exit  : 
		Unchanged: 
 Data sizes:     COMRAM   BANK0   BANK1   BANK2
      Params:         4       0       0       0
      Locals:         0       3       0       0
      Temps:          0       0       0       0
      Totals:         4       3       0       0
Total ram usage:        7 bytes
 Hardware stack levels used:    1
 Hardware stack levels required when called:    2
 This function calls:
		Nothing
 This function is called by:
		_rampe
 This function uses a non-reentrant model


 *************** function _SetDCEPWM1 *****************
 Defined at:
		line 15 in file "C:\Program Files (x86)\Microchip\xc8\v1.35\sources\pic18\plib\PWM\ew1setdc.c"
 Parameters:    Size  Location     Type
  dutycycle       2   30[COMRAM] unsigned int 
 Auto vars:     Size  Location     Type
  DCycle          2    0[BANK0 ] struct PWMDC
 Return value:  Size  Location     Type
		None               void
 Registers used:
		wreg, status,2, status,0
 Tracked objects:
		On entry : 
		On exit  : 
		Unchanged: 
 Data sizes:     COMRAM   BANK0   BANK1   BANK2
      Params:         2       0       0       0
      Locals:         0       2       0       0
      Temps:          2       0       0       0
      Totals:         4       2       0       0
Total ram usage:        6 bytes
 Hardware stack levels used:    1
 Hardware stack levels required when called:    2
 This function calls:
		Nothing
 This function is called by:
		_main
		_rampe
 This function uses a non-reentrant model


 *************** function _CANsendMessage *****************
 Defined at:
		line 294 in file "CANlib.h"
 Parameters:    Size  Location     Type
  identifier      4    0[BANK0 ] unsigned long 
  data            2    4[BANK0 ] PTR unsigned char 
		 -> data_array_debug(8), data_array(8), 
  dataLength      1    6[BANK0 ] unsigned char 
  flags           1    7[BANK0 ] enum E16866
 Auto vars:     Size  Location     Type
  tamp            4    8[BANK0 ] unsigned long 
 Return value:  Size  Location     Type
		None               void
 Registers used:
		wreg, fsr2l, fsr2h, status,2, status,0
 Tracked objects:
		On entry : 
		On exit  : 
		Unchanged: 
 Data sizes:     COMRAM   BANK0   BANK1   BANK2
      Params:         0       8       0       0
      Locals:         0       4       0       0
      Temps:          4       0       0       0
      Totals:         4      12       0       0
Total ram usage:       16 bytes
 Hardware stack levels used:    1
 Hardware stack levels required when called:    2
 This function calls:
		Nothing
 This function is called by:
		_main
		_rampe
		_send_data
 This function uses a non-reentrant model


 *************** function _CANisTxReady *****************
 Defined at:
		line 1154 in file "CANlib.h"
 Parameters:    Size  Location     Type
		None
 Auto vars:     Size  Location     Type
		None
 Return value:  Size  Location     Type
                  1    wreg      unsigned char 
 Registers used:
		wreg, status,2
 Tracked objects:
		On entry : 
		On exit  : 
		Unchanged: 
 Data sizes:     COMRAM   BANK0   BANK1   BANK2
      Params:         0       0       0       0
      Locals:         1       0       0       0
      Temps:          0       0       0       0
      Totals:         1       0       0       0
Total ram usage:        1 bytes
 Hardware stack levels used:    1
 Hardware stack levels required when called:    2
 This function calls:
		Nothing
 This function is called by:
		_main
		_rampe
		_send_data
 This function uses a non-reentrant model


 *************** function _configurazione_iniziale *****************
 Defined at:
		line 288 in file "motore.c"
 Parameters:    Size  Location     Type
		None
 Auto vars:     Size  Location     Type
		None
 Return value:  Size  Location     Type
		None               void
 Registers used:
		wreg, status,2, status,0, prodl, prodh, cstack
 Tracked objects:
		On entry : 
		On exit  : 
		Unchanged: 
 Data sizes:     COMRAM   BANK0   BANK1   BANK2
      Params:         0       0       0       0
      Locals:         0       0       0       0
      Temps:          0       0       0       0
      Totals:         0       0       0       0
Total ram usage:        0 bytes
 Hardware stack levels used:    1
 Hardware stack levels required when called:    4
 This function calls:
		_CANInitialize
		_SetOutputEPWM1
		_delay_ms
 This function is called by:
		_main
 This function uses a non-reentrant model


 *************** function _delay_ms *****************
 Defined at:
		line 61 in file "delay.c"
 Parameters:    Size  Location     Type
  value_ms        2    2[BANK0 ] unsigned int 
 Auto vars:     Size  Location     Type
		None
 Return value:  Size  Location     Type
		None               void
 Registers used:
		wreg, status,2, status,0, prodl, prodh, cstack
 Tracked objects:
		On entry : 
		On exit  : 
		Unchanged: 
 Data sizes:     COMRAM   BANK0   BANK1   BANK2
      Params:         0       2       0       0
      Locals:         0       0       0       0
      Temps:          0       0       0       0
      Totals:         0       2       0       0
Total ram usage:        2 bytes
 Hardware stack levels used:    1
 Hardware stack levels required when called:    3
 This function calls:
		___wmul
 This function is called by:
		_main
		_configurazione_iniziale
		_delay_s
 This function uses a non-reentrant model


 *************** function ___wmul *****************
 Defined at:
		line 15 in file "C:\Program Files (x86)\Microchip\xc8\v1.35\sources\common\Umul16.c"
 Parameters:    Size  Location     Type
  multiplier      2   30[COMRAM] unsigned int 
  multiplicand    2   32[COMRAM] unsigned int 
 Auto vars:     Size  Location     Type
  product         2    0[BANK0 ] unsigned int 
 Return value:  Size  Location     Type
                  2   30[COMRAM] unsigned int 
 Registers used:
		wreg, status,2, status,0, prodl, prodh
 Tracked objects:
		On entry : 
		On exit  : 
		Unchanged: 
 Data sizes:     COMRAM   BANK0   BANK1   BANK2
      Params:         4       0       0       0
      Locals:         0       2       0       0
      Temps:          0       0       0       0
      Totals:         4       2       0       0
Total ram usage:        6 bytes
 Hardware stack levels used:    1
 Hardware stack levels required when called:    2
 This function calls:
		Nothing
 This function is called by:
		_delay_ms
 This function uses a non-reentrant model


 *************** function _SetOutputEPWM1 *****************
 Defined at:
		line 18 in file "C:\Program Files (x86)\Microchip\xc8\v1.35\sources\pic18\plib\PWM\ew1setoc.c"
 Parameters:    Size  Location     Type
  outputconfig    1    wreg     unsigned char 
  outputmode      1   30[COMRAM] unsigned char 
 Auto vars:     Size  Location     Type
  outputconfig    1   31[COMRAM] unsigned char 
 Return value:  Size  Location     Type
		None               void
 Registers used:
		wreg, status,2, status,0
 Tracked objects:
		On entry : 
		On exit  : 
		Unchanged: 
 Data sizes:     COMRAM   BANK0   BANK1   BANK2
      Params:         1       0       0       0
      Locals:         1       0       0       0
      Temps:          0       0       0       0
      Totals:         2       0       0       0
Total ram usage:        2 bytes
 Hardware stack levels used:    1
 Hardware stack levels required when called:    2
 This function calls:
		Nothing
 This function is called by:
		_main
		_rampe
		_configurazione_iniziale
 This function uses a non-reentrant model


 *************** function _CANInitialize *****************
 Defined at:
		line 218 in file "CANlib.h"
 Parameters:    Size  Location     Type
  propSeg         1    wreg     unsigned char 
  phaseSeg1       1    9[BANK0 ] unsigned char 
  phaseSeg2       1   10[BANK0 ] unsigned char 
  SJW             1   11[BANK0 ] unsigned char 
  BRP             1   12[BANK0 ] unsigned char 
  flags           1   13[BANK0 ] enum E16844
 Auto vars:     Size  Location     Type
  propSeg         1   18[BANK0 ] unsigned char 
  FilterConfig    1   20[BANK0 ] unsigned char 
  FilterConfig    1   19[BANK0 ] unsigned char 
 Return value:  Size  Location     Type
		None               void
 Registers used:
		wreg, status,2, status,0, cstack
 Tracked objects:
		On entry : 
		On exit  : 
		Unchanged: 
 Data sizes:     COMRAM   BANK0   BANK1   BANK2
      Params:         0       5       0       0
      Locals:         0       3       0       0
      Temps:          0       4       0       0
      Totals:         0      12       0       0
Total ram usage:       12 bytes
 Hardware stack levels used:    1
 Hardware stack levels required when called:    3
 This function calls:
		_CANOperationMode
		_CANSetFilter
		_CANSetMask
 This function is called by:
		_configurazione_iniziale
 This function uses a non-reentrant model


 *************** function _CANSetMask *****************
 Defined at:
		line 640 in file "CANlib.h"
 Parameters:    Size  Location     Type
  numBuffer       1    wreg     enum E16878
  mask            4   30[COMRAM] unsigned long 
  type            1   34[COMRAM] enum E16844
 Auto vars:     Size  Location     Type
  numBuffer       1    4[BANK0 ] enum E16878
  tamp            4    5[BANK0 ] unsigned long 
 Return value:  Size  Location     Type
		None               void
 Registers used:
		wreg, status,2, status,0
 Tracked objects:
		On entry : 
		On exit  : 
		Unchanged: 
 Data sizes:     COMRAM   BANK0   BANK1   BANK2
      Params:         5       0       0       0
      Locals:         0       5       0       0
      Temps:          0       4       0       0
      Totals:         5       9       0       0
Total ram usage:       14 bytes
 Hardware stack levels used:    1
 Hardware stack levels required when called:    2
 This function calls:
		Nothing
 This function is called by:
		_CANInitialize
 This function uses a non-reentrant model


 *************** function _CANSetFilter *****************
 Defined at:
		line 748 in file "CANlib.h"
 Parameters:    Size  Location     Type
  numBuffer       1    wreg     enum E16881
  filter          4   30[COMRAM] unsigned long 
  type            1   34[COMRAM] enum E16844
 Auto vars:     Size  Location     Type
  numBuffer       1    4[BANK0 ] enum E16881
  tamp            4    5[BANK0 ] unsigned long 
 Return value:  Size  Location     Type
		None               void
 Registers used:
		wreg, status,2, status,0
 Tracked objects:
		On entry : 
		On exit  : 
		Unchanged: 
 Data sizes:     COMRAM   BANK0   BANK1   BANK2
      Params:         5       0       0       0
      Locals:         0       5       0       0
      Temps:          0       4       0       0
      Totals:         5       9       0       0
Total ram usage:       14 bytes
 Hardware stack levels used:    1
 Hardware stack levels required when called:    2
 This function calls:
		Nothing
 This function is called by:
		_CANInitialize
 This function uses a non-reentrant model


 *************** function _CANOperationMode *****************
 Defined at:
		line 206 in file "CANlib.h"
 Parameters:    Size  Location     Type
  mode            1    wreg     enum E16838
 Auto vars:     Size  Location     Type
  mode            1   30[COMRAM] enum E16838
 Return value:  Size  Location     Type
		None               void
 Registers used:
		wreg, status,2, status,0
 Tracked objects:
		On entry : 
		On exit  : 
		Unchanged: 
 Data sizes:     COMRAM   BANK0   BANK1   BANK2
      Params:         0       0       0       0
      Locals:         1       0       0       0
      Temps:          0       0       0       0
      Totals:         1       0       0       0
Total ram usage:        1 bytes
 Hardware stack levels used:    1
 Hardware stack levels required when called:    2
 This function calls:
		Nothing
 This function is called by:
		_CANInitialize
 This function uses a non-reentrant model


 *************** function _can_interpreter *****************
 Defined at:
		line 242 in file "motore.c"
 Parameters:    Size  Location     Type
		None
 Auto vars:     Size  Location     Type
		None
 Return value:  Size  Location     Type
		None               void
 Registers used:
		wreg, status,2, status,0
 Tracked objects:
		On entry : 
		On exit  : 
		Unchanged: 
 Data sizes:     COMRAM   BANK0   BANK1   BANK2
      Params:         0       0       0       0
      Locals:         0       0       0       0
      Temps:          4       0       0       0
      Totals:         4       0       0       0
Total ram usage:        4 bytes
 Hardware stack levels used:    1
 Hardware stack levels required when called:    2
 This function calls:
		Nothing
 This function is called by:
		_main
 This function uses a non-reentrant model


 *************** function _battery_measure *****************
 Defined at:
		line 228 in file "motore.c"
 Parameters:    Size  Location     Type
		None
 Auto vars:     Size  Location     Type
		None
 Return value:  Size  Location     Type
		None               void
 Registers used:
		None
 Tracked objects:
		On entry : 
		On exit  : 
		Unchanged: 
 Data sizes:     COMRAM   BANK0   BANK1   BANK2
      Params:         0       0       0       0
      Locals:         0       0       0       0
      Temps:          0       0       0       0
      Totals:         0       0       0       0
Total ram usage:        0 bytes
 Hardware stack levels used:    1
 Hardware stack levels required when called:    2
 This function calls:
		Nothing
 This function is called by:
		_main
 This function uses a non-reentrant model


 *************** function _OpenTimer2 *****************
 Defined at:
		line 17 in file "C:\Program Files (x86)\Microchip\xc8\v1.35\sources\pic18\plib\Timers\t2open.c"
 Parameters:    Size  Location     Type
  config          1    wreg     unsigned char 
 Auto vars:     Size  Location     Type
  config          1   30[COMRAM] unsigned char 
 Return value:  Size  Location     Type
		None               void
 Registers used:
		wreg, status,2, status,0
 Tracked objects:
		On entry : 
		On exit  : 
		Unchanged: 
 Data sizes:     COMRAM   BANK0   BANK1   BANK2
      Params:         0       0       0       0
      Locals:         1       0       0       0
      Temps:          0       0       0       0
      Totals:         1       0       0       0
Total ram usage:        1 bytes
 Hardware stack levels used:    1
 Hardware stack levels required when called:    2
 This function calls:
		Nothing
 This function is called by:
		_main
 This function uses a non-reentrant model


 *************** function _OpenEPWM1 *****************
 Defined at:
		line 15 in file "C:\Program Files (x86)\Microchip\xc8\v1.35\sources\pic18\plib\PWM\ew1open.c"
 Parameters:    Size  Location     Type
  period          1    wreg     unsigned char 
 Auto vars:     Size  Location     Type
  period          1   30[COMRAM] unsigned char 
 Return value:  Size  Location     Type
		None               void
 Registers used:
		wreg, status,2
 Tracked objects:
		On entry : 
		On exit  : 
		Unchanged: 
 Data sizes:     COMRAM   BANK0   BANK1   BANK2
      Params:         0       0       0       0
      Locals:         1       0       0       0
      Temps:          0       0       0       0
      Totals:         1       0       0       0
Total ram usage:        1 bytes
 Hardware stack levels used:    1
 Hardware stack levels required when called:    2
 This function calls:
		Nothing
 This function is called by:
		_main
 This function uses a non-reentrant model


 *************** function _ISR_bassa *****************
 Defined at:
		line 92 in file "motore.c"
 Parameters:    Size  Location     Type
		None
 Auto vars:     Size  Location     Type
  i               1   29[COMRAM] unsigned char 
 Return value:  Size  Location     Type
		None               void
 Registers used:
		wreg, fsr1l, fsr1h, fsr2l, fsr2h, status,2, status,0, prodl, prodh, cstack
 Tracked objects:
		On entry : 
		On exit  : 
		Unchanged: 
 Data sizes:     COMRAM   BANK0   BANK1   BANK2
      Params:         0       0       0       0
      Locals:         1       0       0       0
      Temps:         17       0       0       0
      Totals:        18       0       0       0
Total ram usage:       18 bytes
 Hardware stack levels used:    1
 Hardware stack levels required when called:    1
 This function calls:
		_CANisRxReady
		_CANreceiveMessage
 This function is called by:
		Interrupt level 1
 This function uses a non-reentrant model


 *************** function _CANreceiveMessage *****************
 Defined at:
		line 528 in file "CANlib.h"
 Parameters:    Size  Location     Type
  msg             2    0[COMRAM] PTR struct .
		 -> msg(15), 
 Auto vars:     Size  Location     Type
  tamp            1   11[COMRAM] unsigned char 
  error           1   10[COMRAM] unsigned char 
 Return value:  Size  Location     Type
                  1    wreg      unsigned char 
 Registers used:
		wreg, fsr2l, fsr2h, status,2, status,0
 Tracked objects:
		On entry : 
		On exit  : 
		Unchanged: 
 Data sizes:     COMRAM   BANK0   BANK1   BANK2
      Params:         2       0       0       0
      Locals:         2       0       0       0
      Temps:          8       0       0       0
      Totals:        12       0       0       0
Total ram usage:       12 bytes
 Hardware stack levels used:    1
 This function calls:
		Nothing
 This function is called by:
		_ISR_bassa
 This function uses a non-reentrant model


 *************** function _CANisRxReady *****************
 Defined at:
		line 1163 in file "CANlib.h"
 Parameters:    Size  Location     Type
		None
 Auto vars:     Size  Location     Type
		None
 Return value:  Size  Location     Type
                  1    wreg      unsigned char 
 Registers used:
		wreg, status,2
 Tracked objects:
		On entry : 
		On exit  : 
		Unchanged: 
 Data sizes:     COMRAM   BANK0   BANK1   BANK2
      Params:         0       0       0       0
      Locals:         1       0       0       0
      Temps:          0       0       0       0
      Totals:         1       0       0       0
Total ram usage:        1 bytes
 Hardware stack levels used:    1
 This function calls:
		Nothing
 This function is called by:
		_ISR_bassa
 This function uses a non-reentrant model



MODULE INFORMATION

Module		Function		Class		Link	Load	Size
delay.c
		_delay_ms      		CODE           	2474	0000	57

delay.c estimated size: 57

C:\Program Files (x86)\Microchip\xc8\v1.35\sources\pic18\plib\PWM\ew1setdc.c
		_SetDCEPWM1    		CODE           	243A	0000	59

C:\Program Files (x86)\Microchip\xc8\v1.35\sources\pic18\plib\PWM\ew1setdc.c estimated size: 59

CANlib.h
		_CANSetFilter  		CODE           	013E	0000	2631
		_CANisRxReady  		CODE           	2538	0000	23
		_CANreceiveMessage		CODE           	12F8	0000	1293
		_CANsendMessage		CODE           	0B84	0000	1909
		_CANInitialize 		CODE           	1FD2	0000	435
		_CANOperationMode		CODE           	254E	0000	19
		_CANisTxReady  		CODE           	24FE	0000	31
		_CANSetMask    		CODE           	1804	0000	863

CANlib.h estimated size: 7204

C:\Program Files (x86)\Microchip\xc8\v1.35\sources\pic18\plib\Timers\t2open.c
		_OpenTimer2    		CODE           	251C	0000	29

C:\Program Files (x86)\Microchip\xc8\v1.35\sources\pic18\plib\Timers\t2open.c estimated size: 29

motore.c
		_rampe         		CODE           	1DA4	0000	559
		_configurazione_iniziale		CODE           	2252	0000	175
		_send_data     		CODE           	235E	0000	79
		_main          		CODE           	1B62	0000	579
		_can_interpreter		CODE           	2184	0000	207
		_battery_measure		CODE           	2578	0000	3
		_ISR_bassa     		CODE           	0018	0000	291

motore.c estimated size: 1893

shared
		__initialization		CODE           	23AC	0000	61

shared estimated size: 61

C:\Program Files (x86)\Microchip\xc8\v1.35\sources\pic18\plib\PWM\ew1open.c
		_OpenEPWM1     		CODE           	2560	0000	17

C:\Program Files (x86)\Microchip\xc8\v1.35\sources\pic18\plib\PWM\ew1open.c estimated size: 17

C:\Program Files (x86)\Microchip\xc8\v1.35\sources\pic18\plib\PWM\ew1setoc.c
		_SetOutputEPWM1		CODE           	23F6	0000	69

C:\Program Files (x86)\Microchip\xc8\v1.35\sources\pic18\plib\PWM\ew1setoc.c estimated size: 69

C:\Program Files (x86)\Microchip\xc8\v1.35\sources\common\lwdiv.c
		___lwdiv       		CODE           	2300	0000	95

C:\Program Files (x86)\Microchip\xc8\v1.35\sources\common\lwdiv.c estimated size: 95

C:\Program Files (x86)\Microchip\xc8\v1.35\sources\common\Umul16.c
		___wmul        		CODE           	24AC	0000	43

C:\Program Files (x86)\Microchip\xc8\v1.35\sources\common\Umul16.c estimated size: 43

C:\Program Files (x86)\Microchip\xc8\v1.35\sources\common\abs.c
		_abs           		CODE           	24D6	0000	41

C:\Program Files (x86)\Microchip\xc8\v1.35\sources\common\abs.c estimated size: 41

